{"logTime": "0929/165320", "correlationVector":"VHNTSli2BvuHQWyNkh/cUk.1","action":"SyncServerConnectionManagerRequest", "result":"SYNC_SERVER_OK", "context":{"environment":"Prod_southeastasia_prod-s01-064-apac-southeastasia", "migrationStage":"NotStarted", "server":"akswtt003000004"}}
{"logTime": "0929/165320", "correlationVector":"VHNTSli2BvuHQWyNkh/cUk.2","action":"ProcessGetUpdates", "result":"Done", "context":{"dataType":"Encryption Keys", "deleted":"0", "process_failed_to_decrypt":"0", "process_pending_decryption":"0", "process_success":"1", "total":"1"}}
{"logTime": "0929/165321", "correlationVector":"5OnLXGJad81IC1oQzTo3qz","action":"SyncServerConnectionManagerRequest", "result":"SYNC_SERVER_OK", "context":{"environment":"", "migrationStage":"", "server":""}}
{"logTime": "0929/165321", "correlationVector":"5OnLXGJad81IC1oQzTo3qz.0","action":"EncryptionKeysFetcher.DownloadKeys:", "result":"Success", "context":Key count: 2, Last key timestamp: 2026-09-26T04:23:33Z}
{"logTime": "0929/165321", "correlationVector":"5OnLXGJad81IC1oQzTo3qz.1","action":"EncryptionKeysManager::SetEncryptionKeys:", "result":"Success", "context":Key names[2]:[HxOd80uOQTSBEDG0njazWCCd2C8qLsDCF2SSFJNUoX8fI7fyTl9JTk4R+rT04lIvb6useQNVqldBvBzGw5oTwg==][uV4lojO+V6V9nnShCmPc4wxJjYtlIr2IxI1IrdxOlkmsIZTRU0hDUpxWRFjBT8XuYEUUECQ8FWH08D0CQlZBgw==]}
{"logTime": "0929/165321", "correlationVector":"5OnLXGJad81IC1oQzTo3qz.2","action":"EncryptionKeysManager::SetEncryptionKeysWithTimestamps:", "result":"Success", "context":Key timestamps[2]:[2026-02-08T15:25:21Z][2026-09-26T04:23:33Z]}
{"logTime": "0929/165321", "correlationVector":"VHNTSli2BvuHQWyNkh/cUk","action":"Initial GetUpdates", "result":"", "context":Reason: NEW_CLIENT. cV=VHNTSli2BvuHQWyNkh/cUk}
{"logTime": "0929/165321", "correlationVector":"VHNTSli2BvuHQWyNkh/cUk.3","action":"GetUpdates Response", "result":"Success", "context":Received 1 update(s). cV=VHNTSli2BvuHQWyNkh/cUk.0;server=akswtt003000004;cloudType=Consumer;environment=Prod_southeastasia_prod-s01-064-apac-southeastasia;migrationStage=NotStarted}
{"logTime": "0929/165321", "correlationVector":"97885fnXbUkcSRCfufFXQC","action":"Initial GetUpdates", "result":"", "context":Reason: NEWLY_SUPPORTED_DATATYPE. cV=97885fnXbUkcSRCfufFXQC}
{"logTime": "0929/165321", "correlationVector":"97885fnXbUkcSRCfufFXQC.1","action":"SyncServerConnectionManagerRequest", "result":"SYNC_SERVER_OK", "context":{"environment":"Prod_southeastasia_prod-s01-064-apac-southeastasia", "migrationStage":"NotStarted", "server":"akswtt00300003k"}}
{"logTime": "0929/165321", "correlationVector":"97885fnXbUkcSRCfufFXQC.2","action":"ProcessGetUpdates", "result":"Done", "context":{"dataType":"Device Info", "deleted":"0", "process_failed_to_decrypt":"0", "process_pending_decryption":"0", "process_success":"17", "total":"17"}}
{"logTime": "0929/165321", "correlationVector":"97885fnXbUkcSRCfufFXQC.3","action":"GetUpdates Response", "result":"Success", "context":Received 17 update(s). cV=97885fnXbUkcSRCfufFXQC.0;server=akswtt00300003k;cloudType=Consumer;environment=Prod_southeastasia_prod-s01-064-apac-southeastasia;migrationStage=NotStarted}
{"logTime": "0929/165321", "correlationVector":"8WbWdj3iKxFPmhJKD0WbnP","action":"Initial GetUpdates", "result":"", "context":Reason: NEWLY_SUPPORTED_DATATYPE. cV=8WbWdj3iKxFPmhJKD0WbnP}
{"logTime": "0929/165321", "correlationVector":"8WbWdj3iKxFPmhJKD0WbnP.1","action":"SyncServerConnectionManagerRequest", "result":"SYNC_SERVER_OK", "context":{"environment":"Prod_southeastasia_prod-s01-064-apac-southeastasia", "migrationStage":"NotStarted", "server":"akswtt00300002c"}}
{"logTime": "0929/165321", "correlationVector":"8WbWdj3iKxFPmhJKD0WbnP.2","action":"GetUpdates Response", "result":"Success", "context":Received 0 update(s). cV=8WbWdj3iKxFPmhJKD0WbnP.0;server=akswtt00300002c;cloudType=Consumer;environment=Prod_southeastasia_prod-s01-064-apac-southeastasia;migrationStage=NotStarted}
{"logTime": "0929/165321", "correlationVector":"1R/VqE38hGvMAcOINoCjXA","action":"Normal GetUpdate request", "result":"", "context":cV=1R/VqE38hGvMAcOINoCjXA
Nudged types: Device Info
Refresh requested types: Extensions, Extension settings, Device Info, User Consents, Send Tab To Self, Web Apps, Encryption Keys}
{"logTime": "0929/165321", "correlationVector":"1R/VqE38hGvMAcOINoCjXA.1","action":"SyncServerConnectionManagerRequest", "result":"SYNC_SERVER_OK", "context":{"environment":"Prod_southeastasia_prod-s01-064-apac-southeastasia", "migrationStage":"NotStarted", "server":"akswtt00300005e"}}
{"logTime": "0929/165321", "correlationVector":"1R/VqE38hGvMAcOINoCjXA.2","action":"GetUpdates Response", "result":"Success", "context":Received 0 update(s). cV=1R/VqE38hGvMAcOINoCjXA.0;server=akswtt00300005e;cloudType=Consumer;environment=Prod_southeastasia_prod-s01-064-apac-southeastasia;migrationStage=NotStarted}
{"logTime": "0929/165321", "correlationVector":"RVbkcVDRWdrKuUSF4f/H9c","action":"DoCompareDataConsistency requsted types: ", "result":"Extensions, Extension settings, Send Tab To Self, Web Apps, Encryption Keys"}
{"logTime": "0929/165321", "correlationVector":"RVbkcVDRWdrKuUSF4f/H9c.0","action":"CompareDataConsistency result: ", "result":"Compare result: Encryption Keys is consistent. local entities count is: 1 local entities hash is: NWGuYVdIY+7xFXAVMZT+wplSr3o="}
{"logTime": "0929/165321", "correlationVector":"RVbkcVDRWdrKuUSF4f/H9c.1","action":"CompareDataConsistency result: ", "result":"Compare result: Extensions is consistent. local entities count is: 0 local entities hash is: "}
{"logTime": "0929/165321", "correlationVector":"RVbkcVDRWdrKuUSF4f/H9c.2","action":"CompareDataConsistency result: ", "result":"Compare result: Extension settings is consistent. local entities count is: 0 local entities hash is: "}
{"logTime": "0929/165321", "correlationVector":"RVbkcVDRWdrKuUSF4f/H9c.3","action":"CompareDataConsistency result: ", "result":"Server did not send this Send Tab To Self local entities count is: 0 local entities hash is: "}
{"logTime": "0929/165321", "correlationVector":"RVbkcVDRWdrKuUSF4f/H9c.4","action":"CompareDataConsistency result: ", "result":"Compare result: Web Apps is consistent. local entities count is: 0 local entities hash is: "}
{"logTime": "0929/165321", "correlationVector":"l8QNBSkbb9Fch9vPzm0U7o","action":"Commit Request", "result":"", "context":Item count: 1
Contributing types: Device Info}
{"logTime": "0929/165322", "correlationVector":"l8QNBSkbb9Fch9vPzm0U7o.1","action":"SyncServerConnectionManagerRequest", "result":"SYNC_SERVER_OK", "context":{"environment":"Prod_southeastasia_prod-s01-064-apac-southeastasia", "migrationStage":"NotStarted", "server":"akswtt003000059"}}
{"logTime": "0929/165322", "correlationVector":"l8QNBSkbb9Fch9vPzm0U7o.2","action":"Commit Response", "result":"Success", "context":Result: Success. cV=l8QNBSkbb9Fch9vPzm0U7o.0;server=akswtt003000059;cloudType=Consumer;environment=Prod_southeastasia_prod-s01-064-apac-southeastasia;migrationStage=NotStarted}
{"logTime": "0929/165322", "correlationVector":"","action":"DIAGNOSTIC_REQUEST|v1/diagnosticData/Diagnostic.SendCheckResult()|SUCCESS", "result":""}
{"logTime": "0929/165403", "correlationVector":"WyRCh0xkXX9F4wMffHx3c4.1","action":"SyncServerConnectionManagerRequest", "result":"SYNC_SERVER_OK", "context":{"environment":"Prod_southeastasia_prod-s01-064-apac-southeastasia", "migrationStage":"NotStarted", "server":"akswtt00300002w"}}
{"logTime": "0929/165403", "correlationVector":"WyRCh0xkXX9F4wMffHx3c4.2","action":"ProcessGetUpdates", "result":"Done", "context":{"dataType":"Encryption Keys", "deleted":"0", "process_failed_to_decrypt":"0", "process_pending_decryption":"0", "process_success":"1", "total":"1"}}
{"logTime": "0929/165404", "correlationVector":"AYBdpT5j8wL0hXbPEwFB/M","action":"SyncServerConnectionManagerRequest", "result":"SYNC_SERVER_OK", "context":{"environment":"", "migrationStage":"", "server":""}}
{"logTime": "0929/165404", "correlationVector":"AYBdpT5j8wL0hXbPEwFB/M.0","action":"EncryptionKeysFetcher.DownloadKeys:", "result":"Success", "context":Key count: 2, Last key timestamp: 2026-09-26T04:23:33Z}
{"logTime": "0929/165404", "correlationVector":"AYBdpT5j8wL0hXbPEwFB/M.1","action":"EncryptionKeysManager::SetEncryptionKeys:", "result":"Success", "context":Key names[2]:[HxOd80uOQTSBEDG0njazWCCd2C8qLsDCF2SSFJNUoX8fI7fyTl9JTk4R+rT04lIvb6useQNVqldBvBzGw5oTwg==][uV4lojO+V6V9nnShCmPc4wxJjYtlIr2IxI1IrdxOlkmsIZTRU0hDUpxWRFjBT8XuYEUUECQ8FWH08D0CQlZBgw==]}
{"logTime": "0929/165404", "correlationVector":"AYBdpT5j8wL0hXbPEwFB/M.2","action":"EncryptionKeysManager::SetEncryptionKeysWithTimestamps:", "result":"Success", "context":Key timestamps[2]:[2026-02-08T15:25:21Z][2026-09-26T04:23:33Z]}
{"logTime": "0929/165404", "correlationVector":"WyRCh0xkXX9F4wMffHx3c4","action":"Initial GetUpdates", "result":"", "context":Reason: NEW_CLIENT. cV=WyRCh0xkXX9F4wMffHx3c4}
{"logTime": "0929/165404", "correlationVector":"WyRCh0xkXX9F4wMffHx3c4.3","action":"GetUpdates Response", "result":"Success", "context":Received 1 update(s). cV=WyRCh0xkXX9F4wMffHx3c4.0;server=akswtt00300002w;cloudType=Consumer;environment=Prod_southeastasia_prod-s01-064-apac-southeastasia;migrationStage=NotStarted}
{"logTime": "0929/165404", "correlationVector":"z8uZUWvjWLUQz7RS4FtcFm","action":"Initial GetUpdates", "result":"", "context":Reason: NEWLY_SUPPORTED_DATATYPE. cV=z8uZUWvjWLUQz7RS4FtcFm}
{"logTime": "0929/165404", "correlationVector":"z8uZUWvjWLUQz7RS4FtcFm.1","action":"SyncServerConnectionManagerRequest", "result":"SYNC_SERVER_OK", "context":{"environment":"Prod_southeastasia_prod-s01-064-apac-southeastasia", "migrationStage":"NotStarted", "server":"akswtt003000000"}}
{"logTime": "0929/165404", "correlationVector":"z8uZUWvjWLUQz7RS4FtcFm.2","action":"ProcessGetUpdates", "result":"Done", "context":{"dataType":"Device Info", "deleted":"0", "process_failed_to_decrypt":"0", "process_pending_decryption":"0", "process_success":"19", "total":"19"}}
{"logTime": "0929/165404", "correlationVector":"z8uZUWvjWLUQz7RS4FtcFm.3","action":"GetUpdates Response", "result":"Success", "context":Received 19 update(s). cV=z8uZUWvjWLUQz7RS4FtcFm.0;server=akswtt003000000;cloudType=Consumer;environment=Prod_southeastasia_prod-s01-064-apac-southeastasia;migrationStage=NotStarted}
{"logTime": "0929/165404", "correlationVector":"1BsI4f/vNNejnsxwO6conD","action":"Initial GetUpdates", "result":"", "context":Reason: NEWLY_SUPPORTED_DATATYPE. cV=1BsI4f/vNNejnsxwO6conD}
{"logTime": "0929/165404", "correlationVector":"1BsI4f/vNNejnsxwO6conD.1","action":"SyncServerConnectionManagerRequest", "result":"SYNC_SERVER_OK", "context":{"environment":"Prod_southeastasia_prod-s01-064-apac-southeastasia", "migrationStage":"NotStarted", "server":"akswtt00300003r"}}
{"logTime": "0929/165404", "correlationVector":"1BsI4f/vNNejnsxwO6conD.2","action":"GetUpdates Response", "result":"Success", "context":Received 0 update(s). cV=1BsI4f/vNNejnsxwO6conD.0;server=akswtt00300003r;cloudType=Consumer;environment=Prod_southeastasia_prod-s01-064-apac-southeastasia;migrationStage=NotStarted}
{"logTime": "0929/165404", "correlationVector":"3QVJx2cMsax3O3BUXY2YZL","action":"Normal GetUpdate request", "result":"", "context":cV=3QVJx2cMsax3O3BUXY2YZL
Nudged types: Device Info
Refresh requested types: Extensions, Extension settings, Device Info, User Consents, Send Tab To Self, Web Apps, Encryption Keys}
{"logTime": "0929/165405", "correlationVector":"3QVJx2cMsax3O3BUXY2YZL.1","action":"SyncServerConnectionManagerRequest", "result":"SYNC_SERVER_OK", "context":{"environment":"Prod_southeastasia_prod-s01-064-apac-southeastasia", "migrationStage":"NotStarted", "server":"akswtt00300000i"}}
{"logTime": "0929/165405", "correlationVector":"3QVJx2cMsax3O3BUXY2YZL.2","action":"GetUpdates Response", "result":"Success", "context":Received 0 update(s). cV=3QVJx2cMsax3O3BUXY2YZL.0;server=akswtt00300000i;cloudType=Consumer;environment=Prod_southeastasia_prod-s01-064-apac-southeastasia;migrationStage=NotStarted}
{"logTime": "0929/165405", "correlationVector":"ujzZxsnCv+MUnyACZY4qQC","action":"DoCompareDataConsistency requsted types: ", "result":"Extensions, Extension settings, Send Tab To Self, Web Apps, Encryption Keys"}
{"logTime": "0929/165405", "correlationVector":"ujzZxsnCv+MUnyACZY4qQC.0","action":"CompareDataConsistency result: ", "result":"Compare result: Encryption Keys is consistent. local entities count is: 1 local entities hash is: NWGuYVdIY+7xFXAVMZT+wplSr3o="}
{"logTime": "0929/165405", "correlationVector":"ujzZxsnCv+MUnyACZY4qQC.1","action":"CompareDataConsistency result: ", "result":"Compare result: Extensions is consistent. local entities count is: 0 local entities hash is: "}
{"logTime": "0929/165405", "correlationVector":"ujzZxsnCv+MUnyACZY4qQC.2","action":"CompareDataConsistency result: ", "result":"Compare result: Extension settings is consistent. local entities count is: 0 local entities hash is: "}
{"logTime": "0929/165405", "correlationVector":"ujzZxsnCv+MUnyACZY4qQC.3","action":"CompareDataConsistency result: ", "result":"Server did not send this Send Tab To Self local entities count is: 0 local entities hash is: "}
{"logTime": "0929/165405", "correlationVector":"ujzZxsnCv+MUnyACZY4qQC.4","action":"CompareDataConsistency result: ", "result":"Compare result: Web Apps is consistent. local entities count is: 0 local entities hash is: "}
{"logTime": "0929/165405", "correlationVector":"GuLZkf/ufxVl7UiSBuoGJT","action":"Commit Request", "result":"", "context":Item count: 1
Contributing types: Device Info}
{"logTime": "0929/165405", "correlationVector":"GuLZkf/ufxVl7UiSBuoGJT.1","action":"SyncServerConnectionManagerRequest", "result":"SYNC_SERVER_OK", "context":{"environment":"Prod_southeastasia_prod-s01-064-apac-southeastasia", "migrationStage":"NotStarted", "server":"akswtt003000005"}}
{"logTime": "0929/165405", "correlationVector":"GuLZkf/ufxVl7UiSBuoGJT.2","action":"Commit Response", "result":"Success", "context":Result: Success. cV=GuLZkf/ufxVl7UiSBuoGJT.0;server=akswtt003000005;cloudType=Consumer;environment=Prod_southeastasia_prod-s01-064-apac-southeastasia;migrationStage=NotStarted}
{"logTime": "0929/165405", "correlationVector":"","action":"DIAGNOSTIC_REQUEST|v1/diagnosticData/Diagnostic.SendCheckResult()|SUCCESS", "result":""}
