{"logTime": "0929/164244", "correlationVector":"VcxYXW/yddYxluPeEy8Aks.1","action":"SyncServerConnectionManagerRequest", "result":"SYNC_SERVER_OK", "context":{"environment":"Prod_southeastasia_prod-s01-064-apac-southeastasia", "migrationStage":"NotStarted", "server":"akswtt003000030"}}
{"logTime": "0929/164244", "correlationVector":"VcxYXW/yddYxluPeEy8Aks.2","action":"ProcessGetUpdates", "result":"Done", "context":{"dataType":"Encryption Keys", "deleted":"0", "process_failed_to_decrypt":"0", "process_pending_decryption":"0", "process_success":"1", "total":"1"}}
{"logTime": "0929/164437", "correlationVector":"oC+Nnbmo4R+//NAbsGkYVY.1","action":"SyncServerConnectionManagerRequest", "result":"SYNC_SERVER_OK", "context":{"environment":"Prod_southeastasia_prod-s01-064-apac-southeastasia", "migrationStage":"NotStarted", "server":"akswtt00300002z"}}
{"logTime": "0929/164437", "correlationVector":"oC+Nnbmo4R+//NAbsGkYVY.2","action":"ProcessGetUpdates", "result":"Done", "context":{"dataType":"Encryption Keys", "deleted":"0", "process_failed_to_decrypt":"0", "process_pending_decryption":"0", "process_success":"1", "total":"1"}}
{"logTime": "0929/164438", "correlationVector":"gdb+mTy0L/xiuG1dkTKbm7","action":"SyncServerConnectionManagerRequest", "result":"SYNC_SERVER_OK", "context":{"environment":"", "migrationStage":"", "server":""}}
{"logTime": "0929/164438", "correlationVector":"gdb+mTy0L/xiuG1dkTKbm7.0","action":"EncryptionKeysFetcher.DownloadKeys:", "result":"Success", "context":Key count: 2, Last key timestamp: 2026-09-26T04:23:33Z}
{"logTime": "0929/164438", "correlationVector":"gdb+mTy0L/xiuG1dkTKbm7.1","action":"EncryptionKeysManager::SetEncryptionKeys:", "result":"Success", "context":Key names[2]:[HxOd80uOQTSBEDG0njazWCCd2C8qLsDCF2SSFJNUoX8fI7fyTl9JTk4R+rT04lIvb6useQNVqldBvBzGw5oTwg==][uV4lojO+V6V9nnShCmPc4wxJjYtlIr2IxI1IrdxOlkmsIZTRU0hDUpxWRFjBT8XuYEUUECQ8FWH08D0CQlZBgw==]}
{"logTime": "0929/164438", "correlationVector":"gdb+mTy0L/xiuG1dkTKbm7.2","action":"EncryptionKeysManager::SetEncryptionKeysWithTimestamps:", "result":"Success", "context":Key timestamps[2]:[2026-02-08T15:25:21Z][2026-09-26T04:23:33Z]}
{"logTime": "0929/164438", "correlationVector":"oC+Nnbmo4R+//NAbsGkYVY","action":"Initial GetUpdates", "result":"", "context":Reason: NEW_CLIENT. cV=oC+Nnbmo4R+//NAbsGkYVY}
{"logTime": "0929/164438", "correlationVector":"oC+Nnbmo4R+//NAbsGkYVY.3","action":"GetUpdates Response", "result":"Success", "context":Received 1 update(s). cV=oC+Nnbmo4R+//NAbsGkYVY.0;server=akswtt00300002z;cloudType=Consumer;environment=Prod_southeastasia_prod-s01-064-apac-southeastasia;migrationStage=NotStarted}
{"logTime": "0929/164438", "correlationVector":"xq2dZGeQZQ/LRMHZFt98NC","action":"Initial GetUpdates", "result":"", "context":Reason: NEWLY_SUPPORTED_DATATYPE. cV=xq2dZGeQZQ/LRMHZFt98NC}
{"logTime": "0929/164438", "correlationVector":"xq2dZGeQZQ/LRMHZFt98NC.1","action":"SyncServerConnectionManagerRequest", "result":"SYNC_SERVER_OK", "context":{"environment":"Prod_southeastasia_prod-s01-064-apac-southeastasia", "migrationStage":"NotStarted", "server":"akswtt00300002k"}}
{"logTime": "0929/164438", "correlationVector":"xq2dZGeQZQ/LRMHZFt98NC.2","action":"ProcessGetUpdates", "result":"Done", "context":{"dataType":"Device Info", "deleted":"0", "process_failed_to_decrypt":"0", "process_pending_decryption":"0", "process_success":"3", "total":"3"}}
{"logTime": "0929/164438", "correlationVector":"xq2dZGeQZQ/LRMHZFt98NC.3","action":"GetUpdates Response", "result":"Success", "context":Received 3 update(s). cV=xq2dZGeQZQ/LRMHZFt98NC.0;server=akswtt00300002k;cloudType=Consumer;environment=Prod_southeastasia_prod-s01-064-apac-southeastasia;migrationStage=NotStarted}
{"logTime": "0929/164438", "correlationVector":"UIoI7AEXnzP/AVeAEfpFSv","action":"Initial GetUpdates", "result":"", "context":Reason: NEWLY_SUPPORTED_DATATYPE. cV=UIoI7AEXnzP/AVeAEfpFSv}
{"logTime": "0929/164438", "correlationVector":"UIoI7AEXnzP/AVeAEfpFSv.1","action":"SyncServerConnectionManagerRequest", "result":"SYNC_SERVER_OK", "context":{"environment":"Prod_southeastasia_prod-s01-064-apac-southeastasia", "migrationStage":"NotStarted", "server":"akswtt003000004"}}
{"logTime": "0929/164438", "correlationVector":"UIoI7AEXnzP/AVeAEfpFSv.2","action":"GetUpdates Response", "result":"Success", "context":Received 0 update(s). cV=UIoI7AEXnzP/AVeAEfpFSv.0;server=akswtt003000004;cloudType=Consumer;environment=Prod_southeastasia_prod-s01-064-apac-southeastasia;migrationStage=NotStarted}
{"logTime": "0929/164438", "correlationVector":"jYtp/T9H204/V1tdjx2PYu","action":"Normal GetUpdate request", "result":"", "context":cV=jYtp/T9H204/V1tdjx2PYu
Nudged types: Device Info
Refresh requested types: Extensions, Extension settings, Device Info, User Consents, Send Tab To Self, Web Apps, Encryption Keys}
{"logTime": "0929/164439", "correlationVector":"jYtp/T9H204/V1tdjx2PYu.1","action":"SyncServerConnectionManagerRequest", "result":"SYNC_SERVER_OK", "context":{"environment":"Prod_southeastasia_prod-s01-064-apac-southeastasia", "migrationStage":"NotStarted", "server":"akswtt00300000f"}}
{"logTime": "0929/164439", "correlationVector":"jYtp/T9H204/V1tdjx2PYu.2","action":"GetUpdates Response", "result":"Success", "context":Received 0 update(s). cV=jYtp/T9H204/V1tdjx2PYu.0;server=akswtt00300000f;cloudType=Consumer;environment=Prod_southeastasia_prod-s01-064-apac-southeastasia;migrationStage=NotStarted}
{"logTime": "0929/164439", "correlationVector":"068/qBORPTFzt7wr0R1mht","action":"DoCompareDataConsistency requsted types: ", "result":"Extensions, Extension settings, Send Tab To Self, Web Apps, Encryption Keys"}
{"logTime": "0929/164439", "correlationVector":"068/qBORPTFzt7wr0R1mht.0","action":"CompareDataConsistency result: ", "result":"Compare result: Encryption Keys is consistent. local entities count is: 1 local entities hash is: NWGuYVdIY+7xFXAVMZT+wplSr3o="}
{"logTime": "0929/164439", "correlationVector":"068/qBORPTFzt7wr0R1mht.1","action":"CompareDataConsistency result: ", "result":"Compare result: Extensions is consistent. local entities count is: 0 local entities hash is: "}
{"logTime": "0929/164439", "correlationVector":"068/qBORPTFzt7wr0R1mht.2","action":"CompareDataConsistency result: ", "result":"Compare result: Extension settings is consistent. local entities count is: 0 local entities hash is: "}
{"logTime": "0929/164439", "correlationVector":"068/qBORPTFzt7wr0R1mht.3","action":"CompareDataConsistency result: ", "result":"Server did not send this Send Tab To Self local entities count is: 0 local entities hash is: "}
{"logTime": "0929/164439", "correlationVector":"068/qBORPTFzt7wr0R1mht.4","action":"CompareDataConsistency result: ", "result":"Compare result: Web Apps is consistent. local entities count is: 0 local entities hash is: "}
{"logTime": "0929/164439", "correlationVector":"tQMvifn4tRaet9EY5JBNGn","action":"Commit Request", "result":"", "context":Item count: 1
Contributing types: Device Info}
{"logTime": "0929/164439", "correlationVector":"tQMvifn4tRaet9EY5JBNGn.1","action":"SyncServerConnectionManagerRequest", "result":"SYNC_SERVER_OK", "context":{"environment":"Prod_southeastasia_prod-s01-064-apac-southeastasia", "migrationStage":"NotStarted", "server":"akswtt00300002w"}}
{"logTime": "0929/164439", "correlationVector":"tQMvifn4tRaet9EY5JBNGn.2","action":"Commit Response", "result":"Success", "context":Result: Success. cV=tQMvifn4tRaet9EY5JBNGn.0;server=akswtt00300002w;cloudType=Consumer;environment=Prod_southeastasia_prod-s01-064-apac-southeastasia;migrationStage=NotStarted}
{"logTime": "0929/164439", "correlationVector":"","action":"DIAGNOSTIC_REQUEST|v1/diagnosticData/Diagnostic.SendCheckResult()|SUCCESS", "result":""}
{"logTime": "0929/164517", "correlationVector":"2ov90xSTsHX7eNYKEbSoIM.1","action":"SyncServerConnectionManagerRequest", "result":"SYNC_SERVER_OK", "context":{"environment":"Prod_southeastasia_prod-s01-064-apac-southeastasia", "migrationStage":"NotStarted", "server":"akswtt00300002f"}}
{"logTime": "0929/164517", "correlationVector":"2ov90xSTsHX7eNYKEbSoIM.2","action":"ProcessGetUpdates", "result":"Done", "context":{"dataType":"Encryption Keys", "deleted":"0", "process_failed_to_decrypt":"0", "process_pending_decryption":"0", "process_success":"1", "total":"1"}}
{"logTime": "0929/164518", "correlationVector":"SkiqvGMg78HEkm4aoJszu7","action":"SyncServerConnectionManagerRequest", "result":"SYNC_SERVER_OK", "context":{"environment":"", "migrationStage":"", "server":""}}
{"logTime": "0929/164518", "correlationVector":"SkiqvGMg78HEkm4aoJszu7.0","action":"EncryptionKeysFetcher.DownloadKeys:", "result":"Success", "context":Key count: 2, Last key timestamp: 2026-09-26T04:23:33Z}
{"logTime": "0929/164518", "correlationVector":"SkiqvGMg78HEkm4aoJszu7.1","action":"EncryptionKeysManager::SetEncryptionKeys:", "result":"Success", "context":Key names[2]:[HxOd80uOQTSBEDG0njazWCCd2C8qLsDCF2SSFJNUoX8fI7fyTl9JTk4R+rT04lIvb6useQNVqldBvBzGw5oTwg==][uV4lojO+V6V9nnShCmPc4wxJjYtlIr2IxI1IrdxOlkmsIZTRU0hDUpxWRFjBT8XuYEUUECQ8FWH08D0CQlZBgw==]}
{"logTime": "0929/164518", "correlationVector":"SkiqvGMg78HEkm4aoJszu7.2","action":"EncryptionKeysManager::SetEncryptionKeysWithTimestamps:", "result":"Success", "context":Key timestamps[2]:[2026-02-08T15:25:21Z][2026-09-26T04:23:33Z]}
{"logTime": "0929/164518", "correlationVector":"2ov90xSTsHX7eNYKEbSoIM","action":"Initial GetUpdates", "result":"", "context":Reason: NEW_CLIENT. cV=2ov90xSTsHX7eNYKEbSoIM}
{"logTime": "0929/164518", "correlationVector":"2ov90xSTsHX7eNYKEbSoIM.3","action":"GetUpdates Response", "result":"Success", "context":Received 1 update(s). cV=2ov90xSTsHX7eNYKEbSoIM.0;server=akswtt00300002f;cloudType=Consumer;environment=Prod_southeastasia_prod-s01-064-apac-southeastasia;migrationStage=NotStarted}
{"logTime": "0929/164518", "correlationVector":"eadghYPLiwG4FSGEZ67oVw","action":"Initial GetUpdates", "result":"", "context":Reason: NEWLY_SUPPORTED_DATATYPE. cV=eadghYPLiwG4FSGEZ67oVw}
{"logTime": "0929/164518", "correlationVector":"eadghYPLiwG4FSGEZ67oVw.1","action":"SyncServerConnectionManagerRequest", "result":"SYNC_SERVER_OK", "context":{"environment":"Prod_southeastasia_prod-s01-064-apac-southeastasia", "migrationStage":"NotStarted", "server":"akswtt003000033"}}
{"logTime": "0929/164518", "correlationVector":"eadghYPLiwG4FSGEZ67oVw.2","action":"ProcessGetUpdates", "result":"Done", "context":{"dataType":"Device Info", "deleted":"0", "process_failed_to_decrypt":"0", "process_pending_decryption":"0", "process_success":"4", "total":"4"}}
{"logTime": "0929/164518", "correlationVector":"eadghYPLiwG4FSGEZ67oVw.3","action":"GetUpdates Response", "result":"Success", "context":Received 4 update(s). cV=eadghYPLiwG4FSGEZ67oVw.0;server=akswtt003000033;cloudType=Consumer;environment=Prod_southeastasia_prod-s01-064-apac-southeastasia;migrationStage=NotStarted}
{"logTime": "0929/164518", "correlationVector":"snc+hujedu+1FngM0DQ26y","action":"Initial GetUpdates", "result":"", "context":Reason: NEWLY_SUPPORTED_DATATYPE. cV=snc+hujedu+1FngM0DQ26y}
{"logTime": "0929/164518", "correlationVector":"snc+hujedu+1FngM0DQ26y.1","action":"SyncServerConnectionManagerRequest", "result":"SYNC_SERVER_OK", "context":{"environment":"Prod_southeastasia_prod-s01-064-apac-southeastasia", "migrationStage":"NotStarted", "server":"akswtt003000031"}}
{"logTime": "0929/164518", "correlationVector":"snc+hujedu+1FngM0DQ26y.2","action":"GetUpdates Response", "result":"Success", "context":Received 0 update(s). cV=snc+hujedu+1FngM0DQ26y.0;server=akswtt003000031;cloudType=Consumer;environment=Prod_southeastasia_prod-s01-064-apac-southeastasia;migrationStage=NotStarted}
{"logTime": "0929/164518", "correlationVector":"DwPSiLRAW9ofDZEtmyvTV7","action":"Normal GetUpdate request", "result":"", "context":cV=DwPSiLRAW9ofDZEtmyvTV7
Nudged types: Device Info
Refresh requested types: Extensions, Extension settings, Device Info, User Consents, Send Tab To Self, Web Apps, Encryption Keys}
{"logTime": "0929/164518", "correlationVector":"DwPSiLRAW9ofDZEtmyvTV7.1","action":"SyncServerConnectionManagerRequest", "result":"SYNC_SERVER_OK", "context":{"environment":"Prod_southeastasia_prod-s01-064-apac-southeastasia", "migrationStage":"NotStarted", "server":"akswtt00300000i"}}
{"logTime": "0929/164518", "correlationVector":"DwPSiLRAW9ofDZEtmyvTV7.2","action":"GetUpdates Response", "result":"Success", "context":Received 0 update(s). cV=DwPSiLRAW9ofDZEtmyvTV7.0;server=akswtt00300000i;cloudType=Consumer;environment=Prod_southeastasia_prod-s01-064-apac-southeastasia;migrationStage=NotStarted}
{"logTime": "0929/164518", "correlationVector":"LyW6jmvXhTlKa31ZJjy4GG","action":"DoCompareDataConsistency requsted types: ", "result":"Extensions, Extension settings, Send Tab To Self, Web Apps, Encryption Keys"}
{"logTime": "0929/164518", "correlationVector":"LyW6jmvXhTlKa31ZJjy4GG.0","action":"CompareDataConsistency result: ", "result":"Compare result: Encryption Keys is consistent. local entities count is: 1 local entities hash is: NWGuYVdIY+7xFXAVMZT+wplSr3o="}
{"logTime": "0929/164518", "correlationVector":"LyW6jmvXhTlKa31ZJjy4GG.1","action":"CompareDataConsistency result: ", "result":"Compare result: Extensions is consistent. local entities count is: 0 local entities hash is: "}
{"logTime": "0929/164518", "correlationVector":"LyW6jmvXhTlKa31ZJjy4GG.2","action":"CompareDataConsistency result: ", "result":"Compare result: Extension settings is consistent. local entities count is: 0 local entities hash is: "}
{"logTime": "0929/164518", "correlationVector":"LyW6jmvXhTlKa31ZJjy4GG.3","action":"CompareDataConsistency result: ", "result":"Server did not send this Send Tab To Self local entities count is: 0 local entities hash is: "}
{"logTime": "0929/164518", "correlationVector":"LyW6jmvXhTlKa31ZJjy4GG.4","action":"CompareDataConsistency result: ", "result":"Compare result: Web Apps is consistent. local entities count is: 0 local entities hash is: "}
{"logTime": "0929/164518", "correlationVector":"Ks2k0U6280oFBGDNgUF0IQ","action":"Commit Request", "result":"", "context":Item count: 1
Contributing types: Device Info}
{"logTime": "0929/164519", "correlationVector":"Ks2k0U6280oFBGDNgUF0IQ.1","action":"SyncServerConnectionManagerRequest", "result":"SYNC_SERVER_OK", "context":{"environment":"Prod_southeastasia_prod-s01-064-apac-southeastasia", "migrationStage":"NotStarted", "server":"akswtt00300005g"}}
{"logTime": "0929/164519", "correlationVector":"Ks2k0U6280oFBGDNgUF0IQ.2","action":"Commit Response", "result":"Success", "context":Result: Success. cV=Ks2k0U6280oFBGDNgUF0IQ.0;server=akswtt00300005g;cloudType=Consumer;environment=Prod_southeastasia_prod-s01-064-apac-southeastasia;migrationStage=NotStarted}
{"logTime": "0929/164519", "correlationVector":"","action":"DIAGNOSTIC_REQUEST|v1/diagnosticData/Diagnostic.SendCheckResult()|SUCCESS", "result":""}
