{"logTime": "0929/165408", "correlationVector":"6xrKF0qrq8WjXpZYQWQ3se.1","action":"SyncServerConnectionManagerRequest", "result":"SYNC_SERVER_OK", "context":{"environment":"Prod_southeastasia_prod-s01-064-apac-southeastasia", "migrationStage":"NotStarted", "server":"akswtt003000001"}}
{"logTime": "0929/165408", "correlationVector":"6xrKF0qrq8WjXpZYQWQ3se.2","action":"ProcessGetUpdates", "result":"Done", "context":{"dataType":"Encryption Keys", "deleted":"0", "process_failed_to_decrypt":"0", "process_pending_decryption":"0", "process_success":"1", "total":"1"}}
{"logTime": "0929/165409", "correlationVector":"1YPBMcB4DJx0jXn1xFitS4","action":"SyncServerConnectionManagerRequest", "result":"SYNC_SERVER_OK", "context":{"environment":"", "migrationStage":"", "server":""}}
{"logTime": "0929/165409", "correlationVector":"1YPBMcB4DJx0jXn1xFitS4.0","action":"EncryptionKeysFetcher.DownloadKeys:", "result":"Success", "context":Key count: 2, Last key timestamp: 2026-09-26T04:23:33Z}
{"logTime": "0929/165409", "correlationVector":"1YPBMcB4DJx0jXn1xFitS4.1","action":"EncryptionKeysManager::SetEncryptionKeys:", "result":"Success", "context":Key names[2]:[HxOd80uOQTSBEDG0njazWCCd2C8qLsDCF2SSFJNUoX8fI7fyTl9JTk4R+rT04lIvb6useQNVqldBvBzGw5oTwg==][uV4lojO+V6V9nnShCmPc4wxJjYtlIr2IxI1IrdxOlkmsIZTRU0hDUpxWRFjBT8XuYEUUECQ8FWH08D0CQlZBgw==]}
{"logTime": "0929/165409", "correlationVector":"1YPBMcB4DJx0jXn1xFitS4.2","action":"EncryptionKeysManager::SetEncryptionKeysWithTimestamps:", "result":"Success", "context":Key timestamps[2]:[2026-02-08T15:25:21Z][2026-09-26T04:23:33Z]}
{"logTime": "0929/165409", "correlationVector":"6xrKF0qrq8WjXpZYQWQ3se","action":"Initial GetUpdates", "result":"", "context":Reason: NEW_CLIENT. cV=6xrKF0qrq8WjXpZYQWQ3se}
{"logTime": "0929/165409", "correlationVector":"6xrKF0qrq8WjXpZYQWQ3se.3","action":"GetUpdates Response", "result":"Success", "context":Received 1 update(s). cV=6xrKF0qrq8WjXpZYQWQ3se.0;server=akswtt003000001;cloudType=Consumer;environment=Prod_southeastasia_prod-s01-064-apac-southeastasia;migrationStage=NotStarted}
{"logTime": "0929/165409", "correlationVector":"/FUX4yQpkTnZjfM9xeBRuH","action":"Initial GetUpdates", "result":"", "context":Reason: NEWLY_SUPPORTED_DATATYPE. cV=/FUX4yQpkTnZjfM9xeBRuH}
{"logTime": "0929/165409", "correlationVector":"/FUX4yQpkTnZjfM9xeBRuH.1","action":"SyncServerConnectionManagerRequest", "result":"SYNC_SERVER_OK", "context":{"environment":"Prod_southeastasia_prod-s01-064-apac-southeastasia", "migrationStage":"NotStarted", "server":"akswtt003000005"}}
{"logTime": "0929/165409", "correlationVector":"/FUX4yQpkTnZjfM9xeBRuH.2","action":"ProcessGetUpdates", "result":"Done", "context":{"dataType":"Device Info", "deleted":"0", "process_failed_to_decrypt":"0", "process_pending_decryption":"0", "process_success":"20", "total":"20"}}
{"logTime": "0929/165409", "correlationVector":"/FUX4yQpkTnZjfM9xeBRuH.3","action":"GetUpdates Response", "result":"Success", "context":Received 20 update(s). cV=/FUX4yQpkTnZjfM9xeBRuH.0;server=akswtt003000005;cloudType=Consumer;environment=Prod_southeastasia_prod-s01-064-apac-southeastasia;migrationStage=NotStarted}
{"logTime": "0929/165409", "correlationVector":"wFbjtoPwLA5Wz0fheyW2oK","action":"Initial GetUpdates", "result":"", "context":Reason: NEWLY_SUPPORTED_DATATYPE. cV=wFbjtoPwLA5Wz0fheyW2oK}
{"logTime": "0929/165410", "correlationVector":"wFbjtoPwLA5Wz0fheyW2oK.1","action":"SyncServerConnectionManagerRequest", "result":"SYNC_SERVER_OK", "context":{"environment":"Prod_southeastasia_prod-s01-064-apac-southeastasia", "migrationStage":"NotStarted", "server":"akswtt00300003y"}}
{"logTime": "0929/165410", "correlationVector":"wFbjtoPwLA5Wz0fheyW2oK.2","action":"GetUpdates Response", "result":"Success", "context":Received 0 update(s). cV=wFbjtoPwLA5Wz0fheyW2oK.0;server=akswtt00300003y;cloudType=Consumer;environment=Prod_southeastasia_prod-s01-064-apac-southeastasia;migrationStage=NotStarted}
{"logTime": "0929/165410", "correlationVector":"FYcPlihWmy3n0+tpJXedeV","action":"Normal GetUpdate request", "result":"", "context":cV=FYcPlihWmy3n0+tpJXedeV
Nudged types: Device Info
Refresh requested types: Extensions, Extension settings, Device Info, User Consents, Send Tab To Self, Web Apps, Encryption Keys}
{"logTime": "0929/165410", "correlationVector":"FYcPlihWmy3n0+tpJXedeV.1","action":"SyncServerConnectionManagerRequest", "result":"SYNC_SERVER_OK", "context":{"environment":"Prod_southeastasia_prod-s01-064-apac-southeastasia", "migrationStage":"NotStarted", "server":"akswtt003000003"}}
{"logTime": "0929/165410", "correlationVector":"FYcPlihWmy3n0+tpJXedeV.2","action":"GetUpdates Response", "result":"Success", "context":Received 0 update(s). cV=FYcPlihWmy3n0+tpJXedeV.0;server=akswtt003000003;cloudType=Consumer;environment=Prod_southeastasia_prod-s01-064-apac-southeastasia;migrationStage=NotStarted}
{"logTime": "0929/165410", "correlationVector":"OTsTlAPc0hVBD4qqWPpzex","action":"DoCompareDataConsistency requsted types: ", "result":"Extensions, Extension settings, Send Tab To Self, Web Apps, Encryption Keys"}
{"logTime": "0929/165410", "correlationVector":"OTsTlAPc0hVBD4qqWPpzex.0","action":"CompareDataConsistency result: ", "result":"Compare result: Encryption Keys is consistent. local entities count is: 1 local entities hash is: NWGuYVdIY+7xFXAVMZT+wplSr3o="}
{"logTime": "0929/165410", "correlationVector":"OTsTlAPc0hVBD4qqWPpzex.1","action":"CompareDataConsistency result: ", "result":"Compare result: Extensions is consistent. local entities count is: 0 local entities hash is: "}
{"logTime": "0929/165410", "correlationVector":"OTsTlAPc0hVBD4qqWPpzex.2","action":"CompareDataConsistency result: ", "result":"Compare result: Extension settings is consistent. local entities count is: 0 local entities hash is: "}
{"logTime": "0929/165410", "correlationVector":"OTsTlAPc0hVBD4qqWPpzex.3","action":"CompareDataConsistency result: ", "result":"Server did not send this Send Tab To Self local entities count is: 0 local entities hash is: "}
{"logTime": "0929/165410", "correlationVector":"OTsTlAPc0hVBD4qqWPpzex.4","action":"CompareDataConsistency result: ", "result":"Compare result: Web Apps is consistent. local entities count is: 0 local entities hash is: "}
{"logTime": "0929/165410", "correlationVector":"5kguBz2swUnmwzj72oPYlp","action":"Commit Request", "result":"", "context":Item count: 1
Contributing types: Device Info}
{"logTime": "0929/165410", "correlationVector":"5kguBz2swUnmwzj72oPYlp.1","action":"SyncServerConnectionManagerRequest", "result":"SYNC_SERVER_OK", "context":{"environment":"Prod_southeastasia_prod-s01-064-apac-southeastasia", "migrationStage":"NotStarted", "server":"akswtt00300002e"}}
{"logTime": "0929/165410", "correlationVector":"5kguBz2swUnmwzj72oPYlp.2","action":"Commit Response", "result":"Success", "context":Result: Success. cV=5kguBz2swUnmwzj72oPYlp.0;server=akswtt00300002e;cloudType=Consumer;environment=Prod_southeastasia_prod-s01-064-apac-southeastasia;migrationStage=NotStarted}
{"logTime": "0929/165410", "correlationVector":"","action":"DIAGNOSTIC_REQUEST|v1/diagnosticData/Diagnostic.SendCheckResult()|SUCCESS", "result":""}
