2026-09-29 16:48:09.868: [INFO] CurrentProfilePath: C:\Users\user\Documents\AntiGravity\My-Portofolio\scratch\edge_user_data_768\Default
2026-09-29 16:48:09.868: [INFO] Profiles total count: 1
2026-09-29 16:48:09.868: [INFO] Profile: name=Profile 1 path=C:\Users\user\Documents\AntiGravity\My-Portofolio\scratch\edge_user_data_768\Default lastActive=null
2026-09-29 16:48:09.868: [INFO] LastUsedProfileDir: C:\Users\user\Documents\AntiGravity\My-Portofolio\scratch\edge_user_data_768\Default
2026-09-29 16:48:09.868: [INFO] VisibilityChanged: 0
2026-09-29 16:48:09.880: [INFO] RecordSyncInitDuration has_sync_been_enabled: 0 state: 0
2026-09-29 16:48:09.881: [INFO] RecordSyncInitDuration has_sync_been_enabled: 0 state: 0
2026-09-29 16:48:09.882: [INFO] RecordSyncInitDuration has_sync_been_enabled: 0 state: 0
2026-09-29 16:48:09.883: [INFO] RecordSyncInitDuration has_sync_been_enabled: 0 state: 0
2026-09-29 16:48:09.884: [INFO] RecordSyncInitDuration has_sync_been_enabled: 0 state: 0
2026-09-29 16:48:09.885: [INFO] RecordSyncInitDuration has_sync_been_enabled: 0 state: 0
2026-09-29 16:48:09.885: [INFO] RecordSyncInitDuration has_sync_been_enabled: 0 state: 0
2026-09-29 16:48:09.886: [INFO] RecordSyncInitDuration has_sync_been_enabled: 0 state: 0
2026-09-29 16:48:09.887: [INFO] RecordSyncInitDuration has_sync_been_enabled: 0 state: 0
2026-09-29 16:48:09.887: [INFO] RecordSyncInitDuration has_sync_been_enabled: 0 state: 0
2026-09-29 16:48:09.905: [INFO] OnDoneLoading sync enabled: 0
2026-09-29 16:48:09.905: [INFO] BookmarkModelLoaded, ids_reassigned: 0
2026-09-29 16:48:09.905: [INFO] BookmarksLoadDropped droppedNodes=0
2026-09-29 16:48:09.905: [INFO] BookmarksSnapshot Startup total=0 bar=0 other=0 mobile=0 showBar=0 showBarNTP=1
2026-09-29 16:48:09.908: [INFO] RecordSyncInitDuration has_sync_been_enabled: 0 state: 0
2026-09-29 16:48:11.432: [INFO] RecordSyncInitDuration has_sync_been_enabled: 0 state: 0
2026-09-29 16:48:11.436: [INFO] RecordSyncInitDuration has_sync_been_enabled: 0 state: 3
2026-09-29 16:48:11.439: [INFO] Primary account changed.
2026-09-29 16:48:11.439: [INFO] OnPrimaryAccountChanged PrimaryAccountChangeEvent::Type::kSet
2026-09-29 16:48:11.454: [INFO] RecordSyncInitDuration has_sync_been_enabled: 0 state: 3
2026-09-29 16:48:11.467: [INFO] RecordSyncInitDuration has_sync_been_enabled: 0 state: 3
2026-09-29 16:48:13.135: [INFO] BookmarkNodeAdded, ABU: 0
2026-09-29 16:48:13.136: [INFO] BookmarkNodeAdded, ABU: 0
2026-09-29 16:48:13.136: [INFO] BookmarkNodeAdded, ABU: 0
2026-09-29 16:48:13.136: [INFO] BookmarkNodeAdded, ABU: 0
2026-09-29 16:48:13.137: [INFO] BookmarkNodeAdded, ABU: 0
2026-09-29 16:48:13.137: [INFO] BookmarkNodeAdded, ABU: 0
2026-09-29 16:48:13.137: [INFO] BookmarkNodeAdded, ABU: 0
2026-09-29 16:48:13.137: [INFO] BookmarkNodeAdded, ABU: 0
2026-09-29 16:48:13.137: [INFO] BookmarkNodeAdded, ABU: 0
2026-09-29 16:48:13.137: [INFO] BookmarkNodeAdded, ABU: 0
2026-09-29 16:48:13.138: [INFO] BookmarkNodeAdded, ABU: 0
2026-09-29 16:48:13.138: [INFO] BookmarkNodeAdded, ABU: 0
2026-09-29 16:48:13.138: [INFO] BookmarkNodeAdded, ABU: 0
2026-09-29 16:48:13.138: [INFO] BookmarkNodeAdded, ABU: 0
2026-09-29 16:48:13.138: [INFO] BookmarkNodeAdded, ABU: 0
2026-09-29 16:48:13.138: [INFO] BookmarkNodeAdded, ABU: 0
2026-09-29 16:48:13.139: [INFO] BookmarkNodeAdded, ABU: 0
2026-09-29 16:48:13.139: [INFO] BookmarkNodeAdded, ABU: 0
2026-09-29 16:48:13.139: [INFO] BookmarkNodeAdded, ABU: 0
2026-09-29 16:48:13.139: [INFO] BookmarkNodeAdded, ABU: 0
2026-09-29 16:48:13.139: [INFO] BookmarkNodeAdded, ABU: 0
2026-09-29 16:48:13.368: [INFO] Sync initialization duration: 1821ms
2026-09-29 16:50:30.693: [INFO] CurrentProfilePath: C:\Users\user\Documents\AntiGravity\My-Portofolio\scratch\edge_user_data_768\Default
2026-09-29 16:50:30.693: [INFO] Profiles total count: 1
2026-09-29 16:50:30.693: [INFO] Profile: name=Profile 1 path=C:\Users\user\Documents\AntiGravity\My-Portofolio\scratch\edge_user_data_768\Default lastActive=null
2026-09-29 16:50:30.693: [INFO] LastUsedProfileDir: C:\Users\user\Documents\AntiGravity\My-Portofolio\scratch\edge_user_data_768\Default
2026-09-29 16:50:30.693: [INFO] VisibilityChanged: 0
2026-09-29 16:50:30.716: [INFO] OnDoneLoading sync enabled: 0
2026-09-29 16:50:30.716: [INFO] BookmarkModelLoaded, ids_reassigned: 0
2026-09-29 16:50:30.716: [INFO] BookmarksLoadDropped droppedNodes=0
2026-09-29 16:50:30.716: [INFO] BookmarksSnapshot Startup total=0 bar=0 other=0 mobile=0 showBar=0 showBarNTP=1
2026-09-29 16:50:30.732: [INFO] RecordSyncInitDuration has_sync_been_enabled: 0 state: 3
2026-09-29 16:50:30.743: [INFO] RecordSyncInitDuration has_sync_been_enabled: 0 state: 3
2026-09-29 16:50:32.056: [INFO] RecordSyncInitDuration has_sync_been_enabled: 0 state: 3
2026-09-29 16:50:32.058: [INFO] RecordSyncInitDuration has_sync_been_enabled: 0 state: 3
2026-09-29 16:50:32.059: [INFO] RecordSyncInitDuration has_sync_been_enabled: 0 state: 3
2026-09-29 16:50:32.061: [INFO] RecordSyncInitDuration has_sync_been_enabled: 0 state: 3
2026-09-29 16:50:32.062: [INFO] RecordSyncInitDuration has_sync_been_enabled: 0 state: 3
2026-09-29 16:50:32.063: [INFO] RecordSyncInitDuration has_sync_been_enabled: 0 state: 3
2026-09-29 16:50:32.064: [INFO] RecordSyncInitDuration has_sync_been_enabled: 0 state: 5
2026-09-29 16:50:32.066: [INFO] RecordSyncInitDuration has_sync_been_enabled: 0 state: 5
2026-09-29 16:50:32.629: [INFO] RecordSyncInitDuration has_sync_been_enabled: 0 state: 5
2026-09-29 16:50:32.632: [INFO] RecordSyncInitDuration has_sync_been_enabled: 0 state: 5
2026-09-29 16:50:32.855: [INFO] RecordSyncInitDuration has_sync_been_enabled: 0 state: 5
2026-09-29 16:50:33.061: [INFO] RecordSyncInitDuration has_sync_been_enabled: 0 state: 5
2026-09-29 16:50:33.063: [INFO] RecordSyncInitDuration has_sync_been_enabled: 0 state: 6
2026-09-29 16:50:33.070: [INFO] RecordSyncInitDuration has_sync_been_enabled: 0 state: 6
2026-09-29 16:50:33.622: [INFO] RecordSyncInitDuration has_sync_been_enabled: 0 state: 6
2026-09-29 16:50:33.623: [INFO] RecordSyncInitDuration has_sync_been_enabled: 0 state: 6
2026-09-29 16:50:33.837: [INFO] RecordSyncInitDuration has_sync_been_enabled: 0 state: 6
2026-09-29 16:51:04.999: [INFO] CurrentProfilePath: C:\Users\user\Documents\AntiGravity\My-Portofolio\scratch\edge_user_data_768\Default
2026-09-29 16:51:04.999: [INFO] Profiles total count: 1
2026-09-29 16:51:04.999: [INFO] Profile: name=Profile 1 path=C:\Users\user\Documents\AntiGravity\My-Portofolio\scratch\edge_user_data_768\Default lastActive=null
2026-09-29 16:51:04.999: [INFO] LastUsedProfileDir: C:\Users\user\Documents\AntiGravity\My-Portofolio\scratch\edge_user_data_768\Default
2026-09-29 16:51:04.999: [INFO] VisibilityChanged: 0
2026-09-29 16:51:05.030: [INFO] OnDoneLoading sync enabled: 0
2026-09-29 16:51:05.030: [INFO] BookmarkModelLoaded, ids_reassigned: 0
2026-09-29 16:51:05.030: [INFO] BookmarksLoadDropped droppedNodes=0
2026-09-29 16:51:05.030: [INFO] BookmarksSnapshot Startup total=0 bar=0 other=0 mobile=0 showBar=0 showBarNTP=1
2026-09-29 16:51:05.043: [INFO] RecordSyncInitDuration has_sync_been_enabled: 0 state: 3
2026-09-29 16:51:05.074: [INFO] RecordSyncInitDuration has_sync_been_enabled: 0 state: 3
2026-09-29 16:51:05.296: [INFO] RecordSyncInitDuration has_sync_been_enabled: 0 state: 3
2026-09-29 16:51:05.298: [INFO] RecordSyncInitDuration has_sync_been_enabled: 0 state: 3
2026-09-29 16:51:05.299: [INFO] RecordSyncInitDuration has_sync_been_enabled: 0 state: 3
2026-09-29 16:51:05.300: [INFO] RecordSyncInitDuration has_sync_been_enabled: 0 state: 3
2026-09-29 16:51:05.302: [INFO] RecordSyncInitDuration has_sync_been_enabled: 0 state: 3
2026-09-29 16:51:05.303: [INFO] RecordSyncInitDuration has_sync_been_enabled: 0 state: 3
2026-09-29 16:51:05.304: [INFO] RecordSyncInitDuration has_sync_been_enabled: 0 state: 5
2026-09-29 16:51:05.306: [INFO] RecordSyncInitDuration has_sync_been_enabled: 0 state: 5
2026-09-29 16:51:05.831: [INFO] RecordSyncInitDuration has_sync_been_enabled: 0 state: 5
2026-09-29 16:51:05.833: [INFO] RecordSyncInitDuration has_sync_been_enabled: 0 state: 5
2026-09-29 16:51:06.064: [INFO] RecordSyncInitDuration has_sync_been_enabled: 0 state: 5
2026-09-29 16:51:06.251: [INFO] RecordSyncInitDuration has_sync_been_enabled: 0 state: 5
2026-09-29 16:51:06.253: [INFO] RecordSyncInitDuration has_sync_been_enabled: 0 state: 6
2026-09-29 16:51:06.254: [INFO] RecordSyncInitDuration has_sync_been_enabled: 0 state: 6
2026-09-29 16:51:06.813: [INFO] RecordSyncInitDuration has_sync_been_enabled: 0 state: 6
2026-09-29 16:51:06.815: [INFO] RecordSyncInitDuration has_sync_been_enabled: 0 state: 6
2026-09-29 16:51:07.025: [INFO] RecordSyncInitDuration has_sync_been_enabled: 0 state: 6
2026-09-29 16:51:32.402: [INFO] CurrentProfilePath: C:\Users\user\Documents\AntiGravity\My-Portofolio\scratch\edge_user_data_768\Default
2026-09-29 16:51:32.402: [INFO] Profiles total count: 1
2026-09-29 16:51:32.402: [INFO] Profile: name=Profile 1 path=C:\Users\user\Documents\AntiGravity\My-Portofolio\scratch\edge_user_data_768\Default lastActive=null
2026-09-29 16:51:32.402: [INFO] LastUsedProfileDir: C:\Users\user\Documents\AntiGravity\My-Portofolio\scratch\edge_user_data_768\Default
2026-09-29 16:51:32.402: [INFO] VisibilityChanged: 0
2026-09-29 16:51:32.431: [INFO] OnDoneLoading sync enabled: 0
2026-09-29 16:51:32.431: [INFO] BookmarkModelLoaded, ids_reassigned: 0
2026-09-29 16:51:32.431: [INFO] BookmarksLoadDropped droppedNodes=0
2026-09-29 16:51:32.431: [INFO] BookmarksSnapshot Startup total=0 bar=0 other=0 mobile=0 showBar=0 showBarNTP=1
2026-09-29 16:51:32.444: [INFO] RecordSyncInitDuration has_sync_been_enabled: 0 state: 3
2026-09-29 16:51:32.474: [INFO] RecordSyncInitDuration has_sync_been_enabled: 0 state: 3
2026-09-29 16:51:32.685: [INFO] RecordSyncInitDuration has_sync_been_enabled: 0 state: 3
2026-09-29 16:51:32.687: [INFO] RecordSyncInitDuration has_sync_been_enabled: 0 state: 3
2026-09-29 16:51:32.690: [INFO] RecordSyncInitDuration has_sync_been_enabled: 0 state: 3
2026-09-29 16:51:32.692: [INFO] RecordSyncInitDuration has_sync_been_enabled: 0 state: 3
2026-09-29 16:51:32.694: [INFO] RecordSyncInitDuration has_sync_been_enabled: 0 state: 3
2026-09-29 16:51:32.696: [INFO] RecordSyncInitDuration has_sync_been_enabled: 0 state: 3
2026-09-29 16:51:32.698: [INFO] RecordSyncInitDuration has_sync_been_enabled: 0 state: 5
2026-09-29 16:51:32.700: [INFO] RecordSyncInitDuration has_sync_been_enabled: 0 state: 5
2026-09-29 16:51:33.505: [INFO] RecordSyncInitDuration has_sync_been_enabled: 0 state: 5
2026-09-29 16:51:33.509: [INFO] RecordSyncInitDuration has_sync_been_enabled: 0 state: 5
2026-09-29 16:51:33.738: [INFO] RecordSyncInitDuration has_sync_been_enabled: 0 state: 5
2026-09-29 16:51:33.927: [INFO] RecordSyncInitDuration has_sync_been_enabled: 0 state: 5
2026-09-29 16:51:33.929: [INFO] RecordSyncInitDuration has_sync_been_enabled: 0 state: 6
2026-09-29 16:51:33.930: [INFO] RecordSyncInitDuration has_sync_been_enabled: 0 state: 6
2026-09-29 16:51:34.513: [INFO] RecordSyncInitDuration has_sync_been_enabled: 0 state: 6
2026-09-29 16:51:34.514: [INFO] RecordSyncInitDuration has_sync_been_enabled: 0 state: 6
2026-09-29 16:51:34.724: [INFO] RecordSyncInitDuration has_sync_been_enabled: 0 state: 6
2026-09-29 16:52:11.515: [INFO] CurrentProfilePath: C:\Users\user\Documents\AntiGravity\My-Portofolio\scratch\edge_user_data_768\Default
2026-09-29 16:52:11.515: [INFO] Profiles total count: 1
2026-09-29 16:52:11.515: [INFO] Profile: name=Profile 1 path=C:\Users\user\Documents\AntiGravity\My-Portofolio\scratch\edge_user_data_768\Default lastActive=null
2026-09-29 16:52:11.515: [INFO] LastUsedProfileDir: C:\Users\user\Documents\AntiGravity\My-Portofolio\scratch\edge_user_data_768\Default
2026-09-29 16:52:11.515: [INFO] VisibilityChanged: 0
2026-09-29 16:52:11.545: [INFO] OnDoneLoading sync enabled: 0
2026-09-29 16:52:11.545: [INFO] BookmarkModelLoaded, ids_reassigned: 0
2026-09-29 16:52:11.545: [INFO] BookmarksLoadDropped droppedNodes=0
2026-09-29 16:52:11.545: [INFO] BookmarksSnapshot Startup total=0 bar=0 other=0 mobile=0 showBar=0 showBarNTP=1
2026-09-29 16:52:11.559: [INFO] RecordSyncInitDuration has_sync_been_enabled: 0 state: 3
2026-09-29 16:52:11.588: [INFO] RecordSyncInitDuration has_sync_been_enabled: 0 state: 3
2026-09-29 16:52:11.787: [INFO] RecordSyncInitDuration has_sync_been_enabled: 0 state: 3
2026-09-29 16:52:11.790: [INFO] RecordSyncInitDuration has_sync_been_enabled: 0 state: 3
2026-09-29 16:52:11.792: [INFO] RecordSyncInitDuration has_sync_been_enabled: 0 state: 3
2026-09-29 16:52:11.794: [INFO] RecordSyncInitDuration has_sync_been_enabled: 0 state: 3
2026-09-29 16:52:11.797: [INFO] RecordSyncInitDuration has_sync_been_enabled: 0 state: 3
2026-09-29 16:52:11.799: [INFO] RecordSyncInitDuration has_sync_been_enabled: 0 state: 3
2026-09-29 16:52:11.802: [INFO] RecordSyncInitDuration has_sync_been_enabled: 0 state: 5
2026-09-29 16:52:11.804: [INFO] RecordSyncInitDuration has_sync_been_enabled: 0 state: 5
2026-09-29 16:52:12.539: [INFO] RecordSyncInitDuration has_sync_been_enabled: 0 state: 5
2026-09-29 16:52:12.544: [INFO] RecordSyncInitDuration has_sync_been_enabled: 0 state: 5
2026-09-29 16:52:12.770: [INFO] RecordSyncInitDuration has_sync_been_enabled: 0 state: 5
2026-09-29 16:52:12.954: [INFO] RecordSyncInitDuration has_sync_been_enabled: 0 state: 5
2026-09-29 16:52:12.956: [INFO] RecordSyncInitDuration has_sync_been_enabled: 0 state: 6
2026-09-29 16:52:12.957: [INFO] RecordSyncInitDuration has_sync_been_enabled: 0 state: 6
2026-09-29 16:52:13.521: [INFO] RecordSyncInitDuration has_sync_been_enabled: 0 state: 6
2026-09-29 16:52:13.522: [INFO] RecordSyncInitDuration has_sync_been_enabled: 0 state: 6
2026-09-29 16:52:13.722: [INFO] RecordSyncInitDuration has_sync_been_enabled: 0 state: 6
2026-09-29 16:52:44.379: [INFO] CurrentProfilePath: C:\Users\user\Documents\AntiGravity\My-Portofolio\scratch\edge_user_data_768\Default
2026-09-29 16:52:44.379: [INFO] Profiles total count: 1
2026-09-29 16:52:44.379: [INFO] Profile: name=Profile 1 path=C:\Users\user\Documents\AntiGravity\My-Portofolio\scratch\edge_user_data_768\Default lastActive=null
2026-09-29 16:52:44.379: [INFO] LastUsedProfileDir: C:\Users\user\Documents\AntiGravity\My-Portofolio\scratch\edge_user_data_768\Default
2026-09-29 16:52:44.379: [INFO] VisibilityChanged: 0
2026-09-29 16:52:44.410: [INFO] OnDoneLoading sync enabled: 0
2026-09-29 16:52:44.410: [INFO] BookmarkModelLoaded, ids_reassigned: 0
2026-09-29 16:52:44.410: [INFO] BookmarksLoadDropped droppedNodes=0
2026-09-29 16:52:44.410: [INFO] BookmarksSnapshot Startup total=0 bar=0 other=0 mobile=0 showBar=0 showBarNTP=1
2026-09-29 16:52:44.425: [INFO] RecordSyncInitDuration has_sync_been_enabled: 0 state: 3
2026-09-29 16:52:44.458: [INFO] RecordSyncInitDuration has_sync_been_enabled: 0 state: 3
2026-09-29 16:52:44.655: [INFO] RecordSyncInitDuration has_sync_been_enabled: 0 state: 3
2026-09-29 16:52:44.657: [INFO] RecordSyncInitDuration has_sync_been_enabled: 0 state: 3
2026-09-29 16:52:44.658: [INFO] RecordSyncInitDuration has_sync_been_enabled: 0 state: 3
2026-09-29 16:52:44.874: [INFO] RecordSyncInitDuration has_sync_been_enabled: 0 state: 3
2026-09-29 16:52:44.876: [INFO] RecordSyncInitDuration has_sync_been_enabled: 0 state: 3
2026-09-29 16:52:44.878: [INFO] RecordSyncInitDuration has_sync_been_enabled: 0 state: 3
2026-09-29 16:52:44.879: [INFO] RecordSyncInitDuration has_sync_been_enabled: 0 state: 5
2026-09-29 16:52:44.881: [INFO] RecordSyncInitDuration has_sync_been_enabled: 0 state: 5
2026-09-29 16:52:45.642: [INFO] RecordSyncInitDuration has_sync_been_enabled: 0 state: 5
2026-09-29 16:52:45.644: [INFO] RecordSyncInitDuration has_sync_been_enabled: 0 state: 5
2026-09-29 16:52:46.075: [INFO] RecordSyncInitDuration has_sync_been_enabled: 0 state: 5
2026-09-29 16:52:47.021: [INFO] RecordSyncInitDuration has_sync_been_enabled: 0 state: 5
2026-09-29 16:52:47.023: [INFO] RecordSyncInitDuration has_sync_been_enabled: 0 state: 6
2026-09-29 16:52:47.025: [INFO] RecordSyncInitDuration has_sync_been_enabled: 0 state: 6
2026-09-29 16:52:47.629: [INFO] RecordSyncInitDuration has_sync_been_enabled: 0 state: 6
2026-09-29 16:52:47.631: [INFO] RecordSyncInitDuration has_sync_been_enabled: 0 state: 6
2026-09-29 16:52:47.842: [INFO] RecordSyncInitDuration has_sync_been_enabled: 0 state: 6
2026-09-29 16:53:20.177: [INFO] CurrentProfilePath: C:\Users\user\Documents\AntiGravity\My-Portofolio\scratch\edge_user_data_768\Default
2026-09-29 16:53:20.177: [INFO] Profiles total count: 1
2026-09-29 16:53:20.177: [INFO] Profile: name=Profile 1 path=C:\Users\user\Documents\AntiGravity\My-Portofolio\scratch\edge_user_data_768\Default lastActive=null
2026-09-29 16:53:20.177: [INFO] LastUsedProfileDir: C:\Users\user\Documents\AntiGravity\My-Portofolio\scratch\edge_user_data_768\Default
2026-09-29 16:53:20.177: [INFO] VisibilityChanged: 0
2026-09-29 16:53:20.208: [INFO] OnDoneLoading sync enabled: 0
2026-09-29 16:53:20.208: [INFO] BookmarkModelLoaded, ids_reassigned: 0
2026-09-29 16:53:20.208: [INFO] BookmarksLoadDropped droppedNodes=0
2026-09-29 16:53:20.208: [INFO] BookmarksSnapshot Startup total=0 bar=0 other=0 mobile=0 showBar=0 showBarNTP=1
2026-09-29 16:53:20.225: [INFO] RecordSyncInitDuration has_sync_been_enabled: 0 state: 3
2026-09-29 16:53:20.258: [INFO] RecordSyncInitDuration has_sync_been_enabled: 0 state: 3
2026-09-29 16:53:20.484: [INFO] RecordSyncInitDuration has_sync_been_enabled: 0 state: 3
2026-09-29 16:53:20.486: [INFO] RecordSyncInitDuration has_sync_been_enabled: 0 state: 3
2026-09-29 16:53:20.487: [INFO] RecordSyncInitDuration has_sync_been_enabled: 0 state: 3
2026-09-29 16:53:20.488: [INFO] RecordSyncInitDuration has_sync_been_enabled: 0 state: 3
2026-09-29 16:53:20.490: [INFO] RecordSyncInitDuration has_sync_been_enabled: 0 state: 3
2026-09-29 16:53:20.491: [INFO] RecordSyncInitDuration has_sync_been_enabled: 0 state: 3
2026-09-29 16:53:20.492: [INFO] RecordSyncInitDuration has_sync_been_enabled: 0 state: 5
2026-09-29 16:53:20.494: [INFO] RecordSyncInitDuration has_sync_been_enabled: 0 state: 5
2026-09-29 16:53:21.253: [INFO] RecordSyncInitDuration has_sync_been_enabled: 0 state: 5
2026-09-29 16:53:21.257: [INFO] RecordSyncInitDuration has_sync_been_enabled: 0 state: 5
2026-09-29 16:53:21.499: [INFO] RecordSyncInitDuration has_sync_been_enabled: 0 state: 5
2026-09-29 16:53:21.714: [INFO] RecordSyncInitDuration has_sync_been_enabled: 0 state: 5
2026-09-29 16:53:21.716: [INFO] RecordSyncInitDuration has_sync_been_enabled: 0 state: 6
2026-09-29 16:53:21.719: [INFO] RecordSyncInitDuration has_sync_been_enabled: 0 state: 6
2026-09-29 16:53:22.320: [INFO] RecordSyncInitDuration has_sync_been_enabled: 0 state: 6
2026-09-29 16:53:22.321: [INFO] RecordSyncInitDuration has_sync_been_enabled: 0 state: 6
2026-09-29 16:53:22.535: [INFO] RecordSyncInitDuration has_sync_been_enabled: 0 state: 6
2026-09-29 16:54:03.255: [INFO] CurrentProfilePath: C:\Users\user\Documents\AntiGravity\My-Portofolio\scratch\edge_user_data_768\Default
2026-09-29 16:54:03.255: [INFO] Profiles total count: 1
2026-09-29 16:54:03.255: [INFO] Profile: name=Profile 1 path=C:\Users\user\Documents\AntiGravity\My-Portofolio\scratch\edge_user_data_768\Default lastActive=null
2026-09-29 16:54:03.255: [INFO] LastUsedProfileDir: C:\Users\user\Documents\AntiGravity\My-Portofolio\scratch\edge_user_data_768\Default
2026-09-29 16:54:03.255: [INFO] VisibilityChanged: 0
2026-09-29 16:54:03.287: [INFO] OnDoneLoading sync enabled: 0
2026-09-29 16:54:03.287: [INFO] BookmarkModelLoaded, ids_reassigned: 0
2026-09-29 16:54:03.287: [INFO] BookmarksLoadDropped droppedNodes=0
2026-09-29 16:54:03.287: [INFO] BookmarksSnapshot Startup total=0 bar=0 other=0 mobile=0 showBar=0 showBarNTP=1
2026-09-29 16:54:03.305: [INFO] RecordSyncInitDuration has_sync_been_enabled: 0 state: 3
2026-09-29 16:54:03.337: [INFO] RecordSyncInitDuration has_sync_been_enabled: 0 state: 3
2026-09-29 16:54:03.610: [INFO] RecordSyncInitDuration has_sync_been_enabled: 0 state: 3
2026-09-29 16:54:03.612: [INFO] RecordSyncInitDuration has_sync_been_enabled: 0 state: 3
2026-09-29 16:54:03.614: [INFO] RecordSyncInitDuration has_sync_been_enabled: 0 state: 3
2026-09-29 16:54:03.617: [INFO] RecordSyncInitDuration has_sync_been_enabled: 0 state: 3
2026-09-29 16:54:03.619: [INFO] RecordSyncInitDuration has_sync_been_enabled: 0 state: 3
2026-09-29 16:54:03.621: [INFO] RecordSyncInitDuration has_sync_been_enabled: 0 state: 3
2026-09-29 16:54:03.624: [INFO] RecordSyncInitDuration has_sync_been_enabled: 0 state: 5
2026-09-29 16:54:03.627: [INFO] RecordSyncInitDuration has_sync_been_enabled: 0 state: 5
2026-09-29 16:54:04.359: [INFO] RecordSyncInitDuration has_sync_been_enabled: 0 state: 5
2026-09-29 16:54:04.363: [INFO] RecordSyncInitDuration has_sync_been_enabled: 0 state: 5
2026-09-29 16:54:04.686: [INFO] RecordSyncInitDuration has_sync_been_enabled: 0 state: 5
2026-09-29 16:54:04.873: [INFO] RecordSyncInitDuration has_sync_been_enabled: 0 state: 5
2026-09-29 16:54:04.875: [INFO] RecordSyncInitDuration has_sync_been_enabled: 0 state: 6
2026-09-29 16:54:04.877: [INFO] RecordSyncInitDuration has_sync_been_enabled: 0 state: 6
2026-09-29 16:54:05.491: [INFO] RecordSyncInitDuration has_sync_been_enabled: 0 state: 6
2026-09-29 16:54:05.492: [INFO] RecordSyncInitDuration has_sync_been_enabled: 0 state: 6
2026-09-29 16:54:05.704: [INFO] RecordSyncInitDuration has_sync_been_enabled: 0 state: 6
