2026-09-29 16:48:15.426: [INFO] CurrentProfilePath: C:\Users\user\Documents\AntiGravity\My-Portofolio\scratch\edge_user_data_425\Default
2026-09-29 16:48:15.426: [INFO] Profiles total count: 1
2026-09-29 16:48:15.426: [INFO] Profile: name=Profile 1 path=C:\Users\user\Documents\AntiGravity\My-Portofolio\scratch\edge_user_data_425\Default lastActive=null
2026-09-29 16:48:15.426: [INFO] LastUsedProfileDir: C:\Users\user\Documents\AntiGravity\My-Portofolio\scratch\edge_user_data_425\Default
2026-09-29 16:48:15.426: [INFO] VisibilityChanged: 0
2026-09-29 16:48:15.436: [INFO] RecordSyncInitDuration has_sync_been_enabled: 0 state: 0
2026-09-29 16:48:15.437: [INFO] RecordSyncInitDuration has_sync_been_enabled: 0 state: 0
2026-09-29 16:48:15.438: [INFO] RecordSyncInitDuration has_sync_been_enabled: 0 state: 0
2026-09-29 16:48:15.439: [INFO] RecordSyncInitDuration has_sync_been_enabled: 0 state: 0
2026-09-29 16:48:15.439: [INFO] RecordSyncInitDuration has_sync_been_enabled: 0 state: 0
2026-09-29 16:48:15.440: [INFO] RecordSyncInitDuration has_sync_been_enabled: 0 state: 0
2026-09-29 16:48:15.441: [INFO] RecordSyncInitDuration has_sync_been_enabled: 0 state: 0
2026-09-29 16:48:15.442: [INFO] RecordSyncInitDuration has_sync_been_enabled: 0 state: 0
2026-09-29 16:48:15.443: [INFO] RecordSyncInitDuration has_sync_been_enabled: 0 state: 0
2026-09-29 16:48:15.444: [INFO] RecordSyncInitDuration has_sync_been_enabled: 0 state: 0
2026-09-29 16:48:15.459: [INFO] OnDoneLoading sync enabled: 0
2026-09-29 16:48:15.459: [INFO] BookmarkModelLoaded, ids_reassigned: 0
2026-09-29 16:48:15.459: [INFO] BookmarksLoadDropped droppedNodes=0
2026-09-29 16:48:15.459: [INFO] BookmarksSnapshot Startup total=0 bar=0 other=0 mobile=0 showBar=0 showBarNTP=1
2026-09-29 16:48:15.461: [INFO] RecordSyncInitDuration has_sync_been_enabled: 0 state: 0
2026-09-29 16:48:15.982: [INFO] RecordSyncInitDuration has_sync_been_enabled: 0 state: 0
2026-09-29 16:48:15.987: [INFO] RecordSyncInitDuration has_sync_been_enabled: 0 state: 3
2026-09-29 16:48:15.990: [INFO] Primary account changed.
2026-09-29 16:48:15.990: [INFO] OnPrimaryAccountChanged PrimaryAccountChangeEvent::Type::kSet
2026-09-29 16:48:16.007: [INFO] RecordSyncInitDuration has_sync_been_enabled: 0 state: 3
2026-09-29 16:48:16.021: [INFO] RecordSyncInitDuration has_sync_been_enabled: 0 state: 3
2026-09-29 16:48:17.384: [INFO] BookmarkNodeAdded, ABU: 0
2026-09-29 16:48:17.384: [INFO] BookmarkNodeAdded, ABU: 0
2026-09-29 16:48:17.384: [INFO] BookmarkNodeAdded, ABU: 0
2026-09-29 16:48:17.384: [INFO] BookmarkNodeAdded, ABU: 0
2026-09-29 16:48:17.385: [INFO] BookmarkNodeAdded, ABU: 0
2026-09-29 16:48:17.385: [INFO] BookmarkNodeAdded, ABU: 0
2026-09-29 16:48:17.385: [INFO] BookmarkNodeAdded, ABU: 0
2026-09-29 16:48:17.385: [INFO] BookmarkNodeAdded, ABU: 0
2026-09-29 16:48:17.385: [INFO] BookmarkNodeAdded, ABU: 0
2026-09-29 16:48:17.385: [INFO] BookmarkNodeAdded, ABU: 0
2026-09-29 16:48:17.386: [INFO] BookmarkNodeAdded, ABU: 0
2026-09-29 16:48:17.386: [INFO] BookmarkNodeAdded, ABU: 0
2026-09-29 16:48:17.386: [INFO] BookmarkNodeAdded, ABU: 0
2026-09-29 16:48:17.386: [INFO] BookmarkNodeAdded, ABU: 0
2026-09-29 16:48:17.386: [INFO] BookmarkNodeAdded, ABU: 0
2026-09-29 16:48:17.387: [INFO] BookmarkNodeAdded, ABU: 0
2026-09-29 16:48:17.387: [INFO] BookmarkNodeAdded, ABU: 0
2026-09-29 16:48:17.387: [INFO] BookmarkNodeAdded, ABU: 0
2026-09-29 16:48:17.387: [INFO] BookmarkNodeAdded, ABU: 0
2026-09-29 16:48:17.387: [INFO] BookmarkNodeAdded, ABU: 0
2026-09-29 16:48:17.387: [INFO] BookmarkNodeAdded, ABU: 0
2026-09-29 16:48:17.645: [INFO] Sync initialization duration: 1532ms
2026-09-29 16:50:36.320: [INFO] CurrentProfilePath: C:\Users\user\Documents\AntiGravity\My-Portofolio\scratch\edge_user_data_425\Default
2026-09-29 16:50:36.320: [INFO] Profiles total count: 1
2026-09-29 16:50:36.320: [INFO] Profile: name=Profile 1 path=C:\Users\user\Documents\AntiGravity\My-Portofolio\scratch\edge_user_data_425\Default lastActive=null
2026-09-29 16:50:36.320: [INFO] LastUsedProfileDir: C:\Users\user\Documents\AntiGravity\My-Portofolio\scratch\edge_user_data_425\Default
2026-09-29 16:50:36.320: [INFO] VisibilityChanged: 0
2026-09-29 16:50:36.361: [INFO] OnDoneLoading sync enabled: 0
2026-09-29 16:50:36.361: [INFO] BookmarkModelLoaded, ids_reassigned: 0
2026-09-29 16:50:36.361: [INFO] BookmarksLoadDropped droppedNodes=0
2026-09-29 16:50:36.361: [INFO] BookmarksSnapshot Startup total=20 bar=18 other=1 mobile=0 showBar=0 showBarNTP=1
2026-09-29 16:50:36.375: [INFO] RecordSyncInitDuration has_sync_been_enabled: 0 state: 3
2026-09-29 16:50:36.405: [INFO] RecordSyncInitDuration has_sync_been_enabled: 0 state: 3
2026-09-29 16:50:36.652: [INFO] RecordSyncInitDuration has_sync_been_enabled: 0 state: 3
2026-09-29 16:50:36.653: [INFO] RecordSyncInitDuration has_sync_been_enabled: 0 state: 3
2026-09-29 16:50:36.655: [INFO] RecordSyncInitDuration has_sync_been_enabled: 0 state: 3
2026-09-29 16:50:36.657: [INFO] RecordSyncInitDuration has_sync_been_enabled: 0 state: 3
2026-09-29 16:50:36.658: [INFO] RecordSyncInitDuration has_sync_been_enabled: 0 state: 3
2026-09-29 16:50:36.659: [INFO] RecordSyncInitDuration has_sync_been_enabled: 0 state: 3
2026-09-29 16:50:36.661: [INFO] RecordSyncInitDuration has_sync_been_enabled: 0 state: 5
2026-09-29 16:50:36.664: [INFO] RecordSyncInitDuration has_sync_been_enabled: 0 state: 5
2026-09-29 16:50:37.255: [INFO] RecordSyncInitDuration has_sync_been_enabled: 0 state: 5
2026-09-29 16:50:37.260: [INFO] RecordSyncInitDuration has_sync_been_enabled: 0 state: 5
2026-09-29 16:50:37.479: [INFO] RecordSyncInitDuration has_sync_been_enabled: 0 state: 5
2026-09-29 16:50:37.662: [INFO] RecordSyncInitDuration has_sync_been_enabled: 0 state: 5
2026-09-29 16:50:37.664: [INFO] RecordSyncInitDuration has_sync_been_enabled: 0 state: 6
2026-09-29 16:50:37.665: [INFO] RecordSyncInitDuration has_sync_been_enabled: 0 state: 6
2026-09-29 16:50:38.201: [INFO] RecordSyncInitDuration has_sync_been_enabled: 0 state: 6
2026-09-29 16:50:38.202: [INFO] RecordSyncInitDuration has_sync_been_enabled: 0 state: 6
2026-09-29 16:50:38.408: [INFO] RecordSyncInitDuration has_sync_been_enabled: 0 state: 6
2026-09-29 16:51:10.405: [INFO] CurrentProfilePath: C:\Users\user\Documents\AntiGravity\My-Portofolio\scratch\edge_user_data_425\Default
2026-09-29 16:51:10.405: [INFO] Profiles total count: 1
2026-09-29 16:51:10.405: [INFO] Profile: name=Profile 1 path=C:\Users\user\Documents\AntiGravity\My-Portofolio\scratch\edge_user_data_425\Default lastActive=null
2026-09-29 16:51:10.405: [INFO] LastUsedProfileDir: C:\Users\user\Documents\AntiGravity\My-Portofolio\scratch\edge_user_data_425\Default
2026-09-29 16:51:10.405: [INFO] VisibilityChanged: 0
2026-09-29 16:51:10.433: [INFO] OnDoneLoading sync enabled: 0
2026-09-29 16:51:10.433: [INFO] BookmarkModelLoaded, ids_reassigned: 0
2026-09-29 16:51:10.433: [INFO] BookmarksLoadDropped droppedNodes=0
2026-09-29 16:51:10.433: [INFO] BookmarksSnapshot Startup total=20 bar=18 other=1 mobile=0 showBar=0 showBarNTP=1
2026-09-29 16:51:10.446: [INFO] RecordSyncInitDuration has_sync_been_enabled: 0 state: 3
2026-09-29 16:51:10.473: [INFO] RecordSyncInitDuration has_sync_been_enabled: 0 state: 3
2026-09-29 16:51:10.735: [INFO] RecordSyncInitDuration has_sync_been_enabled: 0 state: 3
2026-09-29 16:51:10.737: [INFO] RecordSyncInitDuration has_sync_been_enabled: 0 state: 3
2026-09-29 16:51:10.739: [INFO] RecordSyncInitDuration has_sync_been_enabled: 0 state: 3
2026-09-29 16:51:10.741: [INFO] RecordSyncInitDuration has_sync_been_enabled: 0 state: 3
2026-09-29 16:51:10.743: [INFO] RecordSyncInitDuration has_sync_been_enabled: 0 state: 3
2026-09-29 16:51:10.745: [INFO] RecordSyncInitDuration has_sync_been_enabled: 0 state: 3
2026-09-29 16:51:10.748: [INFO] RecordSyncInitDuration has_sync_been_enabled: 0 state: 5
2026-09-29 16:51:10.751: [INFO] RecordSyncInitDuration has_sync_been_enabled: 0 state: 5
2026-09-29 16:51:11.303: [INFO] RecordSyncInitDuration has_sync_been_enabled: 0 state: 5
2026-09-29 16:51:11.309: [INFO] RecordSyncInitDuration has_sync_been_enabled: 0 state: 5
2026-09-29 16:51:11.533: [INFO] RecordSyncInitDuration has_sync_been_enabled: 0 state: 5
2026-09-29 16:51:11.725: [INFO] RecordSyncInitDuration has_sync_been_enabled: 0 state: 5
2026-09-29 16:51:11.727: [INFO] RecordSyncInitDuration has_sync_been_enabled: 0 state: 6
2026-09-29 16:51:11.728: [INFO] RecordSyncInitDuration has_sync_been_enabled: 0 state: 6
2026-09-29 16:51:12.324: [INFO] RecordSyncInitDuration has_sync_been_enabled: 0 state: 6
2026-09-29 16:51:12.326: [INFO] RecordSyncInitDuration has_sync_been_enabled: 0 state: 6
2026-09-29 16:51:12.537: [INFO] RecordSyncInitDuration has_sync_been_enabled: 0 state: 6
2026-09-29 16:51:37.759: [INFO] CurrentProfilePath: C:\Users\user\Documents\AntiGravity\My-Portofolio\scratch\edge_user_data_425\Default
2026-09-29 16:51:37.759: [INFO] Profiles total count: 1
2026-09-29 16:51:37.759: [INFO] Profile: name=Profile 1 path=C:\Users\user\Documents\AntiGravity\My-Portofolio\scratch\edge_user_data_425\Default lastActive=null
2026-09-29 16:51:37.759: [INFO] LastUsedProfileDir: C:\Users\user\Documents\AntiGravity\My-Portofolio\scratch\edge_user_data_425\Default
2026-09-29 16:51:37.759: [INFO] VisibilityChanged: 0
2026-09-29 16:51:37.794: [INFO] OnDoneLoading sync enabled: 0
2026-09-29 16:51:37.794: [INFO] BookmarkModelLoaded, ids_reassigned: 0
2026-09-29 16:51:37.794: [INFO] BookmarksLoadDropped droppedNodes=0
2026-09-29 16:51:37.794: [INFO] BookmarksSnapshot Startup total=20 bar=18 other=1 mobile=0 showBar=0 showBarNTP=1
2026-09-29 16:51:37.809: [INFO] RecordSyncInitDuration has_sync_been_enabled: 0 state: 3
2026-09-29 16:51:37.842: [INFO] RecordSyncInitDuration has_sync_been_enabled: 0 state: 3
2026-09-29 16:51:38.078: [INFO] RecordSyncInitDuration has_sync_been_enabled: 0 state: 3
2026-09-29 16:51:38.080: [INFO] RecordSyncInitDuration has_sync_been_enabled: 0 state: 3
2026-09-29 16:51:38.082: [INFO] RecordSyncInitDuration has_sync_been_enabled: 0 state: 3
2026-09-29 16:51:38.084: [INFO] RecordSyncInitDuration has_sync_been_enabled: 0 state: 3
2026-09-29 16:51:38.085: [INFO] RecordSyncInitDuration has_sync_been_enabled: 0 state: 3
2026-09-29 16:51:38.086: [INFO] RecordSyncInitDuration has_sync_been_enabled: 0 state: 3
2026-09-29 16:51:38.087: [INFO] RecordSyncInitDuration has_sync_been_enabled: 0 state: 5
2026-09-29 16:51:38.090: [INFO] RecordSyncInitDuration has_sync_been_enabled: 0 state: 5
2026-09-29 16:51:38.866: [INFO] RecordSyncInitDuration has_sync_been_enabled: 0 state: 5
2026-09-29 16:51:38.870: [INFO] RecordSyncInitDuration has_sync_been_enabled: 0 state: 5
2026-09-29 16:51:39.111: [INFO] RecordSyncInitDuration has_sync_been_enabled: 0 state: 5
2026-09-29 16:51:39.298: [INFO] RecordSyncInitDuration has_sync_been_enabled: 0 state: 5
2026-09-29 16:51:39.300: [INFO] RecordSyncInitDuration has_sync_been_enabled: 0 state: 6
2026-09-29 16:51:39.301: [INFO] RecordSyncInitDuration has_sync_been_enabled: 0 state: 6
2026-09-29 16:51:39.894: [INFO] RecordSyncInitDuration has_sync_been_enabled: 0 state: 6
2026-09-29 16:51:39.897: [INFO] RecordSyncInitDuration has_sync_been_enabled: 0 state: 6
2026-09-29 16:51:40.095: [INFO] RecordSyncInitDuration has_sync_been_enabled: 0 state: 6
2026-09-29 16:52:17.253: [INFO] CurrentProfilePath: C:\Users\user\Documents\AntiGravity\My-Portofolio\scratch\edge_user_data_425\Default
2026-09-29 16:52:17.253: [INFO] Profiles total count: 1
2026-09-29 16:52:17.253: [INFO] Profile: name=Profile 1 path=C:\Users\user\Documents\AntiGravity\My-Portofolio\scratch\edge_user_data_425\Default lastActive=null
2026-09-29 16:52:17.253: [INFO] LastUsedProfileDir: C:\Users\user\Documents\AntiGravity\My-Portofolio\scratch\edge_user_data_425\Default
2026-09-29 16:52:17.253: [INFO] VisibilityChanged: 0
2026-09-29 16:52:17.289: [INFO] OnDoneLoading sync enabled: 0
2026-09-29 16:52:17.289: [INFO] BookmarkModelLoaded, ids_reassigned: 0
2026-09-29 16:52:17.289: [INFO] BookmarksLoadDropped droppedNodes=0
2026-09-29 16:52:17.289: [INFO] BookmarksSnapshot Startup total=20 bar=18 other=1 mobile=0 showBar=0 showBarNTP=1
2026-09-29 16:52:17.306: [INFO] RecordSyncInitDuration has_sync_been_enabled: 0 state: 3
2026-09-29 16:52:17.337: [INFO] RecordSyncInitDuration has_sync_been_enabled: 0 state: 3
2026-09-29 16:52:17.598: [INFO] RecordSyncInitDuration has_sync_been_enabled: 0 state: 3
2026-09-29 16:52:17.601: [INFO] RecordSyncInitDuration has_sync_been_enabled: 0 state: 3
2026-09-29 16:52:17.602: [INFO] RecordSyncInitDuration has_sync_been_enabled: 0 state: 3
2026-09-29 16:52:17.604: [INFO] RecordSyncInitDuration has_sync_been_enabled: 0 state: 3
2026-09-29 16:52:17.605: [INFO] RecordSyncInitDuration has_sync_been_enabled: 0 state: 3
2026-09-29 16:52:17.607: [INFO] RecordSyncInitDuration has_sync_been_enabled: 0 state: 3
2026-09-29 16:52:17.609: [INFO] RecordSyncInitDuration has_sync_been_enabled: 0 state: 5
2026-09-29 16:52:17.613: [INFO] RecordSyncInitDuration has_sync_been_enabled: 0 state: 5
2026-09-29 16:52:18.279: [INFO] RecordSyncInitDuration has_sync_been_enabled: 0 state: 5
2026-09-29 16:52:18.281: [INFO] RecordSyncInitDuration has_sync_been_enabled: 0 state: 5
2026-09-29 16:52:18.529: [INFO] RecordSyncInitDuration has_sync_been_enabled: 0 state: 5
2026-09-29 16:52:18.715: [INFO] RecordSyncInitDuration has_sync_been_enabled: 0 state: 5
2026-09-29 16:52:18.717: [INFO] RecordSyncInitDuration has_sync_been_enabled: 0 state: 6
2026-09-29 16:52:18.719: [INFO] RecordSyncInitDuration has_sync_been_enabled: 0 state: 6
2026-09-29 16:52:19.303: [INFO] RecordSyncInitDuration has_sync_been_enabled: 0 state: 6
2026-09-29 16:52:19.304: [INFO] RecordSyncInitDuration has_sync_been_enabled: 0 state: 6
2026-09-29 16:52:19.510: [INFO] RecordSyncInitDuration has_sync_been_enabled: 0 state: 6
2026-09-29 16:52:49.760: [INFO] CurrentProfilePath: C:\Users\user\Documents\AntiGravity\My-Portofolio\scratch\edge_user_data_425\Default
2026-09-29 16:52:49.760: [INFO] Profiles total count: 1
2026-09-29 16:52:49.760: [INFO] Profile: name=Profile 1 path=C:\Users\user\Documents\AntiGravity\My-Portofolio\scratch\edge_user_data_425\Default lastActive=null
2026-09-29 16:52:49.760: [INFO] LastUsedProfileDir: C:\Users\user\Documents\AntiGravity\My-Portofolio\scratch\edge_user_data_425\Default
2026-09-29 16:52:49.760: [INFO] VisibilityChanged: 0
2026-09-29 16:52:49.794: [INFO] OnDoneLoading sync enabled: 0
2026-09-29 16:52:49.794: [INFO] BookmarkModelLoaded, ids_reassigned: 0
2026-09-29 16:52:49.794: [INFO] BookmarksLoadDropped droppedNodes=0
2026-09-29 16:52:49.794: [INFO] BookmarksSnapshot Startup total=20 bar=18 other=1 mobile=0 showBar=0 showBarNTP=1
2026-09-29 16:52:49.820: [INFO] RecordSyncInitDuration has_sync_been_enabled: 0 state: 3
2026-09-29 16:52:49.854: [INFO] RecordSyncInitDuration has_sync_been_enabled: 0 state: 3
2026-09-29 16:52:50.911: [INFO] RecordSyncInitDuration has_sync_been_enabled: 0 state: 3
2026-09-29 16:52:50.913: [INFO] RecordSyncInitDuration has_sync_been_enabled: 0 state: 3
2026-09-29 16:52:50.915: [INFO] RecordSyncInitDuration has_sync_been_enabled: 0 state: 3
2026-09-29 16:52:50.916: [INFO] RecordSyncInitDuration has_sync_been_enabled: 0 state: 3
2026-09-29 16:52:50.918: [INFO] RecordSyncInitDuration has_sync_been_enabled: 0 state: 3
2026-09-29 16:52:50.919: [INFO] RecordSyncInitDuration has_sync_been_enabled: 0 state: 3
2026-09-29 16:52:50.920: [INFO] RecordSyncInitDuration has_sync_been_enabled: 0 state: 5
2026-09-29 16:52:50.923: [INFO] RecordSyncInitDuration has_sync_been_enabled: 0 state: 5
2026-09-29 16:52:51.563: [INFO] RecordSyncInitDuration has_sync_been_enabled: 0 state: 5
2026-09-29 16:52:51.567: [INFO] RecordSyncInitDuration has_sync_been_enabled: 0 state: 5
2026-09-29 16:52:51.892: [INFO] RecordSyncInitDuration has_sync_been_enabled: 0 state: 5
2026-09-29 16:52:52.078: [INFO] RecordSyncInitDuration has_sync_been_enabled: 0 state: 5
2026-09-29 16:52:52.081: [INFO] RecordSyncInitDuration has_sync_been_enabled: 0 state: 6
2026-09-29 16:52:52.083: [INFO] RecordSyncInitDuration has_sync_been_enabled: 0 state: 6
2026-09-29 16:52:52.666: [INFO] RecordSyncInitDuration has_sync_been_enabled: 0 state: 6
2026-09-29 16:52:52.667: [INFO] RecordSyncInitDuration has_sync_been_enabled: 0 state: 6
2026-09-29 16:53:25.486: [INFO] CurrentProfilePath: C:\Users\user\Documents\AntiGravity\My-Portofolio\scratch\edge_user_data_425\Default
2026-09-29 16:53:25.486: [INFO] Profiles total count: 1
2026-09-29 16:53:25.486: [INFO] Profile: name=Profile 1 path=C:\Users\user\Documents\AntiGravity\My-Portofolio\scratch\edge_user_data_425\Default lastActive=null
2026-09-29 16:53:25.486: [INFO] LastUsedProfileDir: C:\Users\user\Documents\AntiGravity\My-Portofolio\scratch\edge_user_data_425\Default
2026-09-29 16:53:25.486: [INFO] VisibilityChanged: 0
2026-09-29 16:53:25.518: [INFO] OnDoneLoading sync enabled: 0
2026-09-29 16:53:25.518: [INFO] BookmarkModelLoaded, ids_reassigned: 0
2026-09-29 16:53:25.518: [INFO] BookmarksLoadDropped droppedNodes=0
2026-09-29 16:53:25.518: [INFO] BookmarksSnapshot Startup total=20 bar=18 other=1 mobile=0 showBar=0 showBarNTP=1
2026-09-29 16:53:25.532: [INFO] RecordSyncInitDuration has_sync_been_enabled: 0 state: 3
2026-09-29 16:53:25.564: [INFO] RecordSyncInitDuration has_sync_been_enabled: 0 state: 3
2026-09-29 16:53:25.791: [INFO] RecordSyncInitDuration has_sync_been_enabled: 0 state: 3
2026-09-29 16:53:25.792: [INFO] RecordSyncInitDuration has_sync_been_enabled: 0 state: 3
2026-09-29 16:53:25.794: [INFO] RecordSyncInitDuration has_sync_been_enabled: 0 state: 3
2026-09-29 16:53:25.796: [INFO] RecordSyncInitDuration has_sync_been_enabled: 0 state: 3
2026-09-29 16:53:25.797: [INFO] RecordSyncInitDuration has_sync_been_enabled: 0 state: 3
2026-09-29 16:53:25.798: [INFO] RecordSyncInitDuration has_sync_been_enabled: 0 state: 3
2026-09-29 16:53:25.800: [INFO] RecordSyncInitDuration has_sync_been_enabled: 0 state: 5
2026-09-29 16:53:25.802: [INFO] RecordSyncInitDuration has_sync_been_enabled: 0 state: 5
2026-09-29 16:53:26.476: [INFO] RecordSyncInitDuration has_sync_been_enabled: 0 state: 5
2026-09-29 16:53:26.478: [INFO] RecordSyncInitDuration has_sync_been_enabled: 0 state: 5
2026-09-29 16:53:26.765: [INFO] RecordSyncInitDuration has_sync_been_enabled: 0 state: 5
2026-09-29 16:53:26.954: [INFO] RecordSyncInitDuration has_sync_been_enabled: 0 state: 5
2026-09-29 16:53:26.956: [INFO] RecordSyncInitDuration has_sync_been_enabled: 0 state: 6
2026-09-29 16:53:26.958: [INFO] RecordSyncInitDuration has_sync_been_enabled: 0 state: 6
2026-09-29 16:53:27.549: [INFO] RecordSyncInitDuration has_sync_been_enabled: 0 state: 6
2026-09-29 16:53:27.550: [INFO] RecordSyncInitDuration has_sync_been_enabled: 0 state: 6
2026-09-29 16:53:27.760: [INFO] RecordSyncInitDuration has_sync_been_enabled: 0 state: 6
2026-09-29 16:54:08.642: [INFO] CurrentProfilePath: C:\Users\user\Documents\AntiGravity\My-Portofolio\scratch\edge_user_data_425\Default
2026-09-29 16:54:08.642: [INFO] Profiles total count: 1
2026-09-29 16:54:08.642: [INFO] Profile: name=Profile 1 path=C:\Users\user\Documents\AntiGravity\My-Portofolio\scratch\edge_user_data_425\Default lastActive=null
2026-09-29 16:54:08.642: [INFO] LastUsedProfileDir: C:\Users\user\Documents\AntiGravity\My-Portofolio\scratch\edge_user_data_425\Default
2026-09-29 16:54:08.642: [INFO] VisibilityChanged: 0
2026-09-29 16:54:08.675: [INFO] OnDoneLoading sync enabled: 0
2026-09-29 16:54:08.675: [INFO] BookmarkModelLoaded, ids_reassigned: 0
2026-09-29 16:54:08.675: [INFO] BookmarksLoadDropped droppedNodes=0
2026-09-29 16:54:08.675: [INFO] BookmarksSnapshot Startup total=20 bar=18 other=1 mobile=0 showBar=0 showBarNTP=1
2026-09-29 16:54:08.693: [INFO] RecordSyncInitDuration has_sync_been_enabled: 0 state: 3
2026-09-29 16:54:08.719: [INFO] RecordSyncInitDuration has_sync_been_enabled: 0 state: 3
2026-09-29 16:54:08.969: [INFO] RecordSyncInitDuration has_sync_been_enabled: 0 state: 3
2026-09-29 16:54:08.972: [INFO] RecordSyncInitDuration has_sync_been_enabled: 0 state: 3
2026-09-29 16:54:08.974: [INFO] RecordSyncInitDuration has_sync_been_enabled: 0 state: 3
2026-09-29 16:54:08.977: [INFO] RecordSyncInitDuration has_sync_been_enabled: 0 state: 3
2026-09-29 16:54:08.978: [INFO] RecordSyncInitDuration has_sync_been_enabled: 0 state: 3
2026-09-29 16:54:08.980: [INFO] RecordSyncInitDuration has_sync_been_enabled: 0 state: 3
2026-09-29 16:54:08.982: [INFO] RecordSyncInitDuration has_sync_been_enabled: 0 state: 5
2026-09-29 16:54:08.985: [INFO] RecordSyncInitDuration has_sync_been_enabled: 0 state: 5
2026-09-29 16:54:09.696: [INFO] RecordSyncInitDuration has_sync_been_enabled: 0 state: 5
2026-09-29 16:54:09.700: [INFO] RecordSyncInitDuration has_sync_been_enabled: 0 state: 5
2026-09-29 16:54:09.950: [INFO] RecordSyncInitDuration has_sync_been_enabled: 0 state: 5
2026-09-29 16:54:10.151: [INFO] RecordSyncInitDuration has_sync_been_enabled: 0 state: 5
2026-09-29 16:54:10.153: [INFO] RecordSyncInitDuration has_sync_been_enabled: 0 state: 6
2026-09-29 16:54:10.155: [INFO] RecordSyncInitDuration has_sync_been_enabled: 0 state: 6
2026-09-29 16:54:10.919: [INFO] RecordSyncInitDuration has_sync_been_enabled: 0 state: 6
2026-09-29 16:54:10.921: [INFO] RecordSyncInitDuration has_sync_been_enabled: 0 state: 6
2026-09-29 16:54:11.132: [INFO] RecordSyncInitDuration has_sync_been_enabled: 0 state: 6
